Archive member included because of file (symbol)

.\libandessta.a(xip_ovly.o)   obj/sta/rtmp_data_pub.o (overlayunload)
.\libandessta.a(cnm_timer.o)  obj/sta/iot_custom.o (cnmTimerInitTimer)
.\libandessta.a(iot_io_cmd.o)
                              obj/sta/iot_custom.o (iot_gpio_output)
.\libandessta.a(iot_mgmt_cmd.o)
                              obj/sta/iot_at_cmd.o (iot_linkdown)
.\libandessta.a(queue.o)      obj/sta/iot_uplink.o (apiQU_Dequeue)
.\libandessta.a(app_nos_main.o)
                              .\libandessta.a(iot_mgmt_cmd.o) (pAd)
.\libandessta.a(assoc.o)      obj/sta/rtmp_data_pub.o (PeerDisassocAction)
.\libandessta.a(auth.o)       obj/sta/rtmp_data_pub.o (MlmeAuthProcess)
.\libandessta.a(chip_init.o)  obj/sta/iot_at_cmd.o (iot_sys_reboot)
.\libandessta.a(cmm_wpa.o)    obj/sta/rtmp_data_pub.o (WpaEAPOLKeyAction)
.\libandessta.a(crypt_aes.o)  .\libandessta.a(cmm_wpa.o) (aes_key_unwrap)
.\libandessta.a(crypt_hmac.o)
                              .\libandessta.a(cmm_wpa.o) (RT_HMAC_MD5)
.\libandessta.a(rtmp_data.o)  obj/sta/rtmp_data_pub.o (g_tx_pkt_id)
.\libandessta.a(rtmp_general.o)
                              obj/sta/rtmp_data_pub.o (RTMPZeroMemory)
.\libandessta.a(scan.o)       obj/sta/mt7681_ChSw_pub.o (rtmp_mac_set_ctrlch)
.\libandessta.a(smtcn.o)      obj/sta/iot_custom.o (SMTCN_state_chg_init)
.\libandessta.a(wow.o)        .\libandessta.a(chip_init.o) (RTMP_EnableTxRx)
.\libandessta.a(bsp.o)        obj/sta/main_pub.o (bsp_init)
.\libandessta.a(ee_efuse.o)   .\libandessta.a(chip_init.o) (eEp_init)
.\libandessta.a(fce.o)        .\libandessta.a(app_nos_main.o) (drvFCE_RegisterIntHdlr)
.\libandessta.a(pdma.o)       .\libandessta.a(app_nos_main.o) (PdmaVrPortIntHdlr)
.\libandessta.a(spi-flash.o)  obj/sta/spi-flash_pub.o (SPI_REG8)
.\libandessta.a(timer.o)      .\libandessta.a(bsp.o) (drvTMR_Init)
.\libandessta.a(uart.o)       obj/sta/iot_uart_rb.o (UART_PutUARTByte)
.\libandessta.a(uartlite.o)   obj/sta/iot_xmodem.o (UART_PutChar)
.\libandessta.a(main.o)       obj/sta/main_pub.o (iot_sys_init)
.\libandessta.a(xcpt.o)       cust/ctxsw.o (sysXCPT_XcptHdlr)
.\libandessta.a(initial.o)    obj/sta/main_pub.o (sysKernelStart)
.\libandessta.a(mutex.o)      .\libandessta.a(queue.o) (SYSirq_Disable_Interrupts_Save_Flags)
.\libandessta.a(stack.o)      .\libandessta.a(main.o) (sysStack)
.\libandessta.a(task.o)       cust/ctxsw.o (sysTaskingCtl)
.\libandessta.a(list.o)       .\libandessta.a(queue.o) (apiInitListEntry)
.\libandessta.a(random.o)     .\libandessta.a(cmm_wpa.o) (apiRand)
.\libandessta.a(do_printf.o)  obj/sta/printf.o (do_printf)
.\libandessta.a(fputs.o)      obj/sta/printf.o (putchar)
.\libandessta.a(strcmp.o)     obj/sta/iot_at_cmd_utility.o (strcmp)
.\libandessta.a(strcpy.o)     obj/sta/iot_at_cmd.o (strcpy)
.\libandessta.a(strlen.o)     obj/sta/iot_at_cmd.o (strlen)
.\libandessta.a(vsprintf.o)   obj/sta/tcpip/cloudclient.o (simple_strtoul)
.\libandessta.a(mcuctl.o)     .\libandessta.a(uart.o) (drvMCUCTL_RegisterIntHdlr)
.\libandessta.a(mt7681_ChSw.o)
                              .\libandessta.a(chip_init.o) (RF_WRITE8)
.\libandessta.a(wifi_ps.o)    .\libandessta.a(main.o) (drvPBF_IntHdler)
.\libandessta.a(wifi_task.o)  obj/sta/wifi_task_pub.o (iot_get_queue_info)
.\libandessta.a(ate.o)        .\libandessta.a(chip_init.o) (set_ate_efuse_read)
.\libandessta.a(cmm_wep.o)    .\libandessta.a(cmm_wpa.o) (AsicUpdateRxWCIDTable)
.\libandessta.a(led.o)        .\libandessta.a(main.o) (drvGPIO_IntHdler)
.\libandessta.a(syscall.o)    .\libandessta.a(task.o) (sysCALL)
.\libandessta.a(ctype.o)      .\libandessta.a(vsprintf.o) (_ctype)

Allocating common symbols
Common symbol       size              file

udp_app_state       0x10              obj/sta/tcpip/iot_udp_app.o
arp_timer           0x8               obj/sta/tcpip/tcpip_main.o
System_Timer_Pool   0x14              .\libandessta.a(timer.o)
CIPTER              0x100             obj/sta/iot_aes_pub.o
IoTCustOp           0x20              obj/sta/iot_custom.o
MT7681_FOTAInfo     0x65              obj/sta/tcpip/cloudclient.o
uip_acc32           0x4               obj/sta/tcpip/uip.o
IoTCustTimer        0x1c              obj/sta/iot_custom.o
sysTaskingCtl       0x34              .\libandessta.a(task.o)
uart_rb_info        0xc               obj/sta/iot_uart_rb.o
periodic_timer      0x8               obj/sta/tcpip/tcpip_main.o
Free_Timer_List     0x10              .\libandessta.a(timer.o)
mt76xx_Connection   0x1a              obj/sta/tcpip/cloudclient.o
IoTpAd              0x18c             obj/sta/iot_custom.o
FOTA_DigestMessage  0x10              obj/sta/tcpip/cloudclient.o
AdvPSMode           0x14              .\libandessta.a(wifi_ps.o)
eepcfg              0x41              .\libandessta.a(chip_init.o)
PLAIN2              0x100             obj/sta/iot_aes_pub.o
uip_conns           0xf18             obj/sta/tcpip/uip.o
gFreeQueue1         0x10              .\libandessta.a(queue.o)
[...]
Memory Configuration

Name             Origin             Length             Attributes
SRAM             0x00000000         0x00010000         axw
ROM              0x00102000         0x00002000         axr
FLASH            0x00500000         0x00100000         axr
FLASH_XIP_STA    0x00530000         0x0000f000         axr
FLASH_OVERLAY_STA 0x0053f000         0x0000f000         axr
*default*        0x00000000         0xffffffff

Linker script and memory map

                0x00102d48                ARC4_Compute = 0x102d48
                0x00103e98                RT_MD5 = 0x103e98
                0x00102de0                RT_SHA1_Hash = 0x102de0
                0x0010252c                aes_mul_e = 0x10252c
                0x001026a4                memmove = 0x1026a4
                0x00103e54                RT_MD5_Init = 0x103e54
                0x0010242c                aes_mul_d = 0x10242c
                0x0010262c                SHA1_K = 0x10262c
                0x001026f0                memcpy = 0x1026f0
                0x00103d48                RT_MD5_End = 0x103d48
                0x0010263c                SHA1_DefaultHashValue = 0x10263c
                0x00103dc0                RT_MD5_Append = 0x103dc0
                0x001031bc                RT_SHA1 = 0x1031bc
                0x001027a0                RT_AES_KeyExpansion = 0x1027a0
                0x00102000                ROMBA = 0x102000
                0x00102cf0                ARC4_INIT = 0x102cf0
                0x00102fd8                RT_SHA1_End = 0x102fd8
                0x00102000                _SDA_BASE_ = 0x102000
                0x001026d4                memcmp = 0x1026d4
                0x0010271c                TKIP_GTK_KEY_WRAP = 0x10271c
                0x00102708                memset = 0x102708
                0x0010202c                aes_sbox_enc = 0x10202c
                0x00102650                MD5_DefaultHashValue = 0x102650
                0x0010222c                aes_mul_9 = 0x10222c
                0x00103178                RT_SHA1_Init = 0x103178
                0x00103ffe                ROMVersion = 0x103ffe
                0x001028ac                RT_AES_Decrypt = 0x1028ac
                0x00102000                aes_rcon = 0x102000
                0x001030e4                RT_SHA1_Append = 0x1030e4
                0x0010232c                aes_mul_b = 0x10232c
                0x00102660                strspn = 0x102660
                0x0010278c                TKIP_GTK_KEY_UNWRAP = 0x10278c
                0x00102da8                ARC4_Discard_KeyLength = 0x102da8
                0x001031fc                RT_MD5_Hash = 0x1031fc
                0x0010212c                aes_sbox_dec = 0x10212c
                0x00102684                strpbrk = 0x102684
                0x00102000                ROM_BASEADDR = 0x102000
                0x00002000                ROM_SIZE = 0x2000
                0x00102000                PROVIDE (_ROM_BASEADDR, ROM_BASEADDR)
                0x00002000                PROVIDE (_ROM_SIZE, ROM_SIZE)
                0x00000000                RAM_BASEADDR = 0x0
                0x00010000                RAM_SIZE = 0x10000
                0x00000000                PROVIDE (_RAM_BASEADDR, RAM_BASEADDR)
                0x00010000                PROVIDE (_RAM_SIZE, RAM_SIZE)
                0x00008000                HALF_SRAM_SIZE = 0x8000
                0x00000000                ILMBA = 0x0
                0x00008000                DLMBA = (0x0 + HALF_SRAM_SIZE)
                0x00102000                ROMBA = 0x102000
                0x00500000                FLASHBA = 0x500000
                0x00000000                PROVIDE (_ILMBA, ILMBA)
                0x00008000                PROVIDE (_DLMBA, DLMBA)
                0x0000ff00                STACK_ORIGIN = 0xff00
                0x00000000                GLOBAL_ORIGIN = ILMBA
                0x0000ff00                PROVIDE (_STACK_ORIGIN, STACK_ORIGIN)
                0x00000000                PROVIDE (_GLOBAL_ORIGIN, GLOBAL_ORIGIN)
                0x00000000                __ilm_start = .
                0x00000000                VECT_SECT_VMA = RAM_BASEADDR

.VECT           0x00000000       0x40
 *(.vector)
 .vector        0x00000000       0x40 cust/vectors.o
                0x00000000                _xcpt_vctr
                0x00000040                . = ALIGN (0x10)
                0x00000040                TEXT_SECT_VMA = .

.TEXT           0x00000040     0x5da4
 *(.Xcpt)
 .Xcpt          0x00000040        0x8 cust/ctxsw.o
                0x00000040                sysXcpt
 *(.ctxsw)
 .ctxsw         0x00000048       0x5c cust/ctxsw.o
                0x00000078                sysLoadCtx
                0x00000048                sysCtxSw
 *(.startup)
 .startup       0x000000a4       0x68 cust/startup.o
                0x000000a4                _startup
 *(.text)
 *(.text.*)
 .text.reflect  0x0000010c       0x34 obj/sta/crypt_crc.o
                0x0000010c                reflect
 .text.crc32    0x00000140       0x68 obj/sta/crypt_crc.o
                0x00000140                crc32
 .text.aes_cbc_decrypt
                0x000001a8       0xd0 obj/sta/iot_aes_pub.o
                0x000001a8                aes_cbc_decrypt
 .text.aes_cbc_encrypt
                0x00000278      0x1f0 obj/sta/iot_aes_pub.o
                0x00000278                aes_cbc_encrypt
 .text.strchr   0x00000468       0x20 obj/sta/iot_at_cmd_utility.o
                0x00000468                strchr
 .text.split_string_cmd
                0x00000488       0x5c obj/sta/iot_at_cmd_utility.o
                0x00000488                split_string_cmd
 .text.getopt   0x000004e4      0x168 obj/sta/iot_at_cmd_utility.o
                0x000004e4                getopt
 .text.iot_cust_hwtimer1_hdlr
                0x0000064c        0x4 obj/sta/iot_custom.o
                0x0000064c                iot_cust_hwtimer1_hdlr
 .text.iot_cust_hwtimer1_tick
                0x00000650        0x4 obj/sta/iot_custom.o
                0x00000650                iot_cust_hwtimer1_tick
 .text.iot_cust_gpiint_hdlr
                0x00000654       0x9c obj/sta/iot_custom.o
                0x00000654                iot_cust_gpiint_hdlr
 .text.reset_sta_cfg
                0x000006f0       0x20 obj/sta/iot_custom.o
                0x000006f0                reset_sta_cfg
 .text.pre_init_cfg
                0x00000710       0x64 obj/sta/iot_custom.o
                0x00000710                pre_init_cfg
 .text.iot_cust_timer0_timeout_actioin
                0x00000774       0x24 obj/sta/iot_custom.o
                0x00000774                iot_cust_timer0_timeout_actioin
 .text.cust_app_init
                0x00000798       0x90 obj/sta/iot_custom.o
                0x00000798                cust_app_init
 .text.cust_subtask
                0x00000828       0x24 obj/sta/iot_custom.o
                0x00000828                cust_subtask
 .text.iot_cust_subtask1
                0x0000084c       0x68 obj/sta/iot_custom.o
                0x0000084c                iot_cust_subtask1
 .text.iot_app_proc_pkt
                0x000008b4       0xfc obj/sta/iot_parse.o
                0x000008b4                iot_app_proc_pkt
 .text.uart_rxbuf_init
                0x000009b0       0x24 obj/sta/iot_uart_rb.o
                0x000009b0                uart_rxbuf_init
 .text.uart_tx_cb
                0x000009d4        0x4 obj/sta/iot_uart_rb.o
                0x000009d4                uart_tx_cb
 .text.uart_rb_init
                0x000009d8       0x20 obj/sta/iot_uart_rb.o
                0x000009d8                uart_rb_init
 .text.uart_rb_pop
                0x000009f8       0x24 obj/sta/iot_uart_rb.o
                0x000009f8                uart_rb_pop
 .text.uart_rb_push
                0x00000a1c       0x24 obj/sta/iot_uart_rb.o
                0x00000a1c                uart_rb_push
 .text.uart_get_avail
                0x00000a40       0x1c obj/sta/iot_uart_rb.o
                0x00000a40                uart_get_avail
 .text.uart_rx_dispatch
                0x00000a5c       0xd8 obj/sta/iot_uart_rb.o
                0x00000a5c                uart_rx_dispatch
 .text.uart_get_byte
                0x00000b34       0x3c obj/sta/iot_uart_rb.o
                0x00000b34                uart_get_byte
 .text.uart_rx_cb
                0x00000b70      0x1cc obj/sta/iot_uart_rb.o
                0x00000b70                uart_rx_cb
 .text.uart_put_bytes
                0x00000d3c      0x100 obj/sta/iot_uart_rb.o
                0x00000d3c                uart_put_bytes
 .text.iot_uart_output
                0x00000e3c       0x48 obj/sta/iot_uart_rb.o
                0x00000e3c                iot_uart_output
 .text.iot_cksum
                0x00000e84       0x40 obj/sta/iot_uplink.o
                0x00000e84                iot_cksum
 .text.main     0x00000ec4       0x84 obj/sta/main_pub.o
                0x00000ec4                main
 .text.DelayTick
                0x00000f48        0xc obj/sta/misc_pub.o
                0x00000f48                DelayTick
 .text.usecDelay
                0x00000f54       0x4c obj/sta/misc_pub.o
                0x00000f54                usecDelay
 .text.msecDelay
                0x00000fa0       0x54 obj/sta/misc_pub.o
                0x00000fa0                msecDelay
 .text.vsprintf_help
                0x00000ff4        0xc obj/sta/printf.o
 .text.vprintf  0x00001000       0x24 obj/sta/printf.o
                0x00001000                vprintf
 .text.printf_high
                0x00001024       0x34 obj/sta/printf.o
                0x00001024                printf_high
 .text.vsprintf
                0x00001058       0x2c obj/sta/printf.o
                0x00001058                vsprintf
 .text.sprintf  0x00001084       0x24 obj/sta/printf.o
                0x00001084                sprintf
 .text.vprintf_help
                0x000010a8       0x1c obj/sta/printf.o
 .text.RTMPCheckRxError
                0x000010c4       0x14 obj/sta/rtmp_data_pub.o
                0x000010c4                RTMPCheckRxError
 .text.get_cent_ch_by_htinfo
                0x000010d8       0x3c obj/sta/rtmp_data_pub.o
                0x000010d8                get_cent_ch_by_htinfo
 .text.get_primary_ch_by_cent_ch
                0x00001114       0x2c obj/sta/rtmp_data_pub.o
                0x00001114                get_primary_ch_by_cent_ch
 .text.RTMPRawDataSanity
                0x00001140       0xd8 obj/sta/rtmp_data_pub.o
                0x00001140                RTMPRawDataSanity
 .text.WifiRxFsIntFilterOut
                0x00001218       0xa4 obj/sta/rtmp_data_pub.o
                0x00001218                WifiRxFsIntFilterOut
 .text.STAHandleRxDataFrame
                0x000012bc       0xf0 obj/sta/rtmp_data_pub.o
                0x000012bc                STAHandleRxDataFrame
 .text.STAHandleRxMgmtFrame
                0x000013ac       0xf4 obj/sta/rtmp_data_pub.o
                0x000013ac                STAHandleRxMgmtFrame
 .text.WifiRxDoneInterruptHandle
                0x000014a0       0xd0 obj/sta/rtmp_data_pub.o
                0x000014a0                WifiRxDoneInterruptHandle
 .text.spi_flash_page_write
                0x00001570       0x88 obj/sta/spi-flash_pub.o
 .text.spi_flash_write_func
                0x000015f8       0xf0 obj/sta/spi-flash_pub.o
                0x000015f8                spi_flash_write_func
 .text.spi_flash_erase_sector
                0x000016e8       0x78 obj/sta/spi-flash_pub.o
                0x000016e8                spi_flash_erase_sector
 .text.spi_flash_write
                0x00001760      0x194 obj/sta/spi-flash_pub.o
                0x00001760                spi_flash_write
 .text.spi_flash_update_fw
                0x000018f4      0x10c obj/sta/spi-flash_pub.o
                0x000018f4                spi_flash_update_fw
 .text.malloc   0x00001a00       0x14 obj/sta/stdlib.o
                0x00001a00                malloc
 .text.free     0x00001a14       0x14 obj/sta/stdlib.o
                0x00001a14                free
 .text.atoi     0x00001a28       0xcc obj/sta/stdlib.o
                0x00001a28                atoi
 .text.clock_time
                0x00001af4       0x24 obj/sta/tcpip/clock-arch.o
                0x00001af4                clock_time
 .text.cloud_set_activation_para
                0x00001b18       0x7c obj/sta/tcpip/cloudclient.o
                0x00001b18                cloud_set_activation_para
 .text.cloud_fota_update
                0x00001b94      0x58c obj/sta/tcpip/cloudclient.o
                0x00001b94                cloud_fota_update
 .text.cloud_client_fota_autoupdate
                0x00002120      0x120 obj/sta/tcpip/cloudclient.o
                0x00002120                cloud_client_fota_autoupdate
 .text.cloud_http_callback
                0x00002240      0x198 obj/sta/tcpip/cloudclient.o
                0x00002240                cloud_http_callback
 .text.dhcpc_set_state
                0x000023d8        0xc obj/sta/tcpip/dhcpc.o
                0x000023d8                dhcpc_set_state
 .text.dhcpc_get_state
                0x000023e4        0xc obj/sta/tcpip/dhcpc.o
                0x000023e4                dhcpc_get_state
 .text.proces_data
                0x000023f0      0x1c4 obj/sta/tcpip/iot_tcp_app.o
                0x000023f0                proces_data
 .text.handle_my_tcp_srv
                0x000025b4       0xa4 obj/sta/tcpip/iot_tcp_app.o
                0x000025b4                handle_my_tcp_srv
 .text.handle_tcp_app
                0x00002658      0x1e4 obj/sta/tcpip/iot_tcp_app.o
                0x00002658                handle_tcp_app
 .text.iot_tcp_appcall
                0x0000283c       0xc0 obj/sta/tcpip/iot_tcp_app.o
                0x0000283c                iot_tcp_appcall
 .text.iot_udp_appcall
                0x000028fc       0x4c obj/sta/tcpip/iot_udp_app.o
                0x000028fc                iot_udp_appcall
 .text.mt76xx_dev_init
                0x00002948        0x4 obj/sta/tcpip/mt76xx_dev.o
                0x00002948                mt76xx_dev_init
 .text.mt76xx_dev_read
                0x0000294c       0x2c obj/sta/tcpip/mt76xx_dev.o
                0x0000294c                mt76xx_dev_read
 .text.mt76xx_dev_send
                0x00002978       0x60 obj/sta/tcpip/mt76xx_dev.o
                0x00002978                mt76xx_dev_send
 .text.resolv_lookup
                0x000029d8       0x5c obj/sta/tcpip/resolv.o
                0x000029d8                resolv_lookup
 .text.resolv_query
                0x00002a34       0x88 obj/sta/tcpip/resolv.o
                0x00002a34                resolv_query
 .text.handle_udp_srv_app1
                0x00002abc      0x12c obj/sta/tcpip/sample_udp_server.o
                0x00002abc                handle_udp_srv_app1
 .text.tcpip_periodic_timer
                0x00002be8      0x1dc obj/sta/tcpip/tcpip_main.o
                0x00002be8                tcpip_periodic_timer
 .text.netif_rx
                0x00002dc4       0xb0 obj/sta/tcpip/tcpip_main.o
                0x00002dc4                netif_rx
 .text.tcpip_init
                0x00002e74       0x44 obj/sta/tcpip/tcpip_main.o
                0x00002e74                tcpip_init
 .text.uip_add32
                0x00002eb8       0x5c obj/sta/tcpip/uip.o
                0x00002eb8                uip_add32
 .text.chksum   0x00002f14       0x40 obj/sta/tcpip/uip.o
 .text.uip_ipchksum
                0x00002f54       0x3c obj/sta/tcpip/uip.o
                0x00002f54                uip_ipchksum
 .text.upper_layer_chksum
                0x00002f90       0x5c obj/sta/tcpip/uip.o
 .text.uip_tcpchksum
                0x00002fec       0x1c obj/sta/tcpip/uip.o
                0x00002fec                uip_tcpchksum
 .text.uip_udpchksum
                0x00003008       0x1c obj/sta/tcpip/uip.o
                0x00003008                uip_udpchksum
 .text.uip_add_rcv_nxt
                0x00003024       0x4c obj/sta/tcpip/uip.o
 .text.htons    0x00003070       0x14 obj/sta/tcpip/uip.o
                0x00003070                htons
 .text.uip_arp_timer
                0x00003084       0x74 obj/sta/tcpip/uip_arp.o
                0x00003084                uip_arp_timer
 .text.timer_reset
                0x000030f8        0xc obj/sta/tcpip/uip_timer.o
                0x000030f8                timer_reset
 .text.timer_expired
                0x00003104       0x24 obj/sta/tcpip/uip_timer.o
                0x00003104                timer_expired
 .text.timer_set
                0x00003128       0x1c obj/sta/tcpip/uip_timer.o
                0x00003128                timer_set
 .text.uiplib_ipaddrconv
                0x00003144       0x60 obj/sta/tcpip/uiplib.o
                0x00003144                uiplib_ipaddrconv
 .text.copy_string
                0x000031a4       0x20 obj/sta/tcpip/webclient.o
 .text.webclient_datahandler
                0x000031c4       0x28 obj/sta/tcpip/webclient.o
                0x000031c4                webclient_datahandler
 .text.T.40     0x000031ec       0x4c obj/sta/tcpip/webclient.o
 .text.webclient_appcall
                0x00003238      0x134 obj/sta/tcpip/webclient.o
                0x00003238                webclient_appcall
 .text.iot_cust_ps_onoff
                0x0000336c        0x4 obj/sta/wifi_task_pub.o
                0x0000336c                iot_cust_ps_onoff
 .text.wifi_state_machine
                0x00003370       0xb8 obj/sta/wifi_task_pub.o
                0x00003370                wifi_state_machine
 .text.wifi_rx_proc
                0x00003428       0x5c obj/sta/wifi_task_pub.o
                0x00003428                wifi_rx_proc
 .text.wifiTASK_LowPrioTask
                0x00003484       0xc4 obj/sta/wifi_task_pub.o
                0x00003484                wifiTASK_LowPrioTask
 .text.overlayunload
                0x00003548       0x7c .\libandessta.a(xip_ovly.o)
                0x00003548                overlayunload
 .text.overlaycopy
                0x000035c4       0x18 .\libandessta.a(xip_ovly.o)
                0x000035c4                overlaycopy
 .text.overlayload
                0x000035dc       0xc8 .\libandessta.a(xip_ovly.o)
                0x000035dc                overlayload
 .text.cnmTimerSetTimer
                0x000036a4       0x3c .\libandessta.a(cnm_timer.o)
 .text.cnmTimerDoTimeOutCheck
                0x000036e0       0xf0 .\libandessta.a(cnm_timer.o)
                0x000036e0                cnmTimerDoTimeOutCheck
 .text.iot_gpio_output
                0x000037d0       0xac .\libandessta.a(iot_io_cmd.o)
                0x000037d0                iot_gpio_output
 .text.iot_gpio_output_noswap
                0x0000387c       0x28 .\libandessta.a(iot_io_cmd.o)
                0x0000387c                iot_gpio_output_noswap
 .text.iot_gpio_read
                0x000038a4       0x40 .\libandessta.a(iot_io_cmd.o)
                0x000038a4                iot_gpio_read
 .text.iot_gpios_output
                0x000038e4       0x3c .\libandessta.a(iot_io_cmd.o)
                0x000038e4                iot_gpios_output
 .text.iot_gpio_input
                0x00003920       0x94 .\libandessta.a(iot_io_cmd.o)
                0x00003920                iot_gpio_input
 .text.iot_sw_pwm_hdlr
                0x000039b4       0xc8 .\libandessta.a(iot_io_cmd.o)
                0x000039b4                iot_sw_pwm_hdlr
 .text.apiQU_Dequeue
                0x00003a7c       0x44 .\libandessta.a(queue.o)
                0x00003a7c                apiQU_Dequeue
 .text.apiQU_Enqueue
                0x00003ac0       0x40 .\libandessta.a(queue.o)
                0x00003ac0                apiQU_Enqueue
 .text.sysDelay1u
                0x00003b00       0x10 .\libandessta.a(chip_init.o)
 .text.dump     0x00003b10       0x6c .\libandessta.a(chip_init.o)
                0x00003b10                dump
 .text.MT7681_ReadEEPROM
                0x00003b7c       0x4c .\libandessta.a(chip_init.o)
                0x00003b7c                MT7681_ReadEEPROM
 .text.rtmp_bbp_is_ready
                0x00003bc8       0x58 .\libandessta.a(chip_init.o)
                0x00003bc8                rtmp_bbp_is_ready
 .text.PRF      0x00003c20       0xb4 .\libandessta.a(cmm_wpa.o)
                0x00003c20                PRF
 .text.RT_AES_Encrypt
                0x00003cd4      0x3dc .\libandessta.a(crypt_aes.o)
                0x00003cd4                RT_AES_Encrypt
 .text.FCETXIdleCheckForPS
                0x000040b0       0x40 .\libandessta.a(rtmp_data.o)
                0x000040b0                FCETXIdleCheckForPS
 .text.UARTIdleCheckForPS
                0x000040f0       0x34 .\libandessta.a(rtmp_data.o)
                0x000040f0                UARTIdleCheckForPS
 .text.FCERXCheckForPS
                0x00004124       0x3c .\libandessta.a(rtmp_data.o)
                0x00004124                FCERXCheckForPS
 .text.UARTTRTimeUpdate
                0x00004160       0x28 .\libandessta.a(rtmp_data.o)
                0x00004160                UARTTRTimeUpdate
 .text.STASleepTime
                0x00004188       0xe0 .\libandessta.a(rtmp_data.o)
                0x00004188                STASleepTime
 .text.iot_sta_pwr_sav_null
                0x00004268       0x64 .\libandessta.a(rtmp_data.o)
                0x00004268                iot_sta_pwr_sav_null
 .text.STACheckRxDataForPS
                0x000042cc       0xcc .\libandessta.a(rtmp_data.o)
                0x000042cc                STACheckRxDataForPS
 .text.STACheckLocalIPState
                0x00004398       0x20 .\libandessta.a(rtmp_data.o)
                0x00004398                STACheckLocalIPState
 .text.iot_sta_pwr_sav
                0x000043b8       0xf0 .\libandessta.a(rtmp_data.o)
                0x000043b8                iot_sta_pwr_sav
 .text.STACheckRxBeaconForPS
                0x000044a8       0xd0 .\libandessta.a(rtmp_data.o)
                0x000044a8                STACheckRxBeaconForPS
 .text.RTMPZeroMemory
                0x00004578       0x14 .\libandessta.a(rtmp_general.o)
                0x00004578                RTMPZeroMemory
 .text.RTMPCompareMemory
                0x0000458c       0x28 .\libandessta.a(rtmp_general.o)
                0x0000458c                RTMPCompareMemory
 .text.GetTimBit
                0x000045b4       0x84 .\libandessta.a(rtmp_general.o)
                0x000045b4                GetTimBit
 .text.PeerBeaconAdvPwrSavingSanity
                0x00004638       0xcc .\libandessta.a(rtmp_general.o)
                0x00004638                PeerBeaconAdvPwrSavingSanity
 .text.OS_WAIT  0x00004704       0x18 .\libandessta.a(rtmp_general.o)
                0x00004704                OS_WAIT
 .text.SMTCNParsingMulticast
                0x0000471c       0x54 .\libandessta.a(smtcn.o)
                0x0000471c                SMTCNParsingMulticast
 .text.drvFCE_IntHdlr
                0x00004770       0x8c .\libandessta.a(fce.o)
                0x00004770                drvFCE_IntHdlr
 .text.PdmaVrPortIntHdlr
                0x000047fc       0xf4 .\libandessta.a(pdma.o)
                0x000047fc                PdmaVrPortIntHdlr
 .text.PdmaVtPortIntHdlr
                0x000048f0      0x100 .\libandessta.a(pdma.o)
                0x000048f0                PdmaVtPortIntHdlr
 .text.PdmaTxTsHdlr
                0x000049f0       0x70 .\libandessta.a(pdma.o)
                0x000049f0                PdmaTxTsHdlr
 .text.TxTsIntHdlr
                0x00004a60       0x18 .\libandessta.a(pdma.o)
                0x00004a60                TxTsIntHdlr
 .text.PdmaRxFsHdlr
                0x00004a78      0x108 .\libandessta.a(pdma.o)
                0x00004a78                PdmaRxFsHdlr
 .text.RxFsIntHdlr
                0x00004b80       0x18 .\libandessta.a(pdma.o)
                0x00004b80                RxFsIntHdlr
 .text.SPI_REG8
                0x00004b98       0x10 .\libandessta.a(spi-flash.o)
                0x00004b98                SPI_REG8
 .text.SPI_READOUT
                0x00004ba8        0xc .\libandessta.a(spi-flash.o)
                0x00004ba8                SPI_READOUT
 .text.WAIT_OP_DONE_PUB
                0x00004bb4       0x10 .\libandessta.a(spi-flash.o)
                0x00004bb4                WAIT_OP_DONE_PUB
 .text.spi_flash_clk_set
                0x00004bc4       0x34 .\libandessta.a(spi-flash.o)
                0x00004bc4                spi_flash_clk_set
 .text.spi_flash_read
                0x00004bf8       0x28 .\libandessta.a(spi-flash.o)
                0x00004bf8                spi_flash_read
 .text.drvTMR_Init
                0x00004c20       0x14 .\libandessta.a(timer.o)
                0x00004c20                drvTMR_Init
 .text.kal_get_systime
                0x00004c34        0xc .\libandessta.a(timer.o)
                0x00004c34                kal_get_systime
 .text.kal_delay_time
                0x00004c40       0x1c .\libandessta.a(timer.o)
                0x00004c40                kal_delay_time
 .text.kal_stop_timer
                0x00004c5c       0x84 .\libandessta.a(timer.o)
                0x00004c5c                kal_stop_timer
 .text.kal_start_timer
                0x00004ce0      0x104 .\libandessta.a(timer.o)
                0x00004ce0                kal_start_timer
 .text.SwTimerHandler
                0x00004de4       0x30 .\libandessta.a(timer.o)
                0x00004de4                SwTimerHandler
 .text.hw_timer1_IntHdler
                0x00004e14       0x3c .\libandessta.a(timer.o)
                0x00004e14                hw_timer1_IntHdler
 .text.drvTMR_IntHdler
                0x00004e50       0x4c .\libandessta.a(timer.o)
                0x00004e50                drvTMR_IntHdler
 .text.UART_PutUARTByte
                0x00004e9c       0x20 .\libandessta.a(uart.o)
                0x00004e9c                UART_PutUARTByte
 .text._UART_GetByte
                0x00004ebc       0x24 .\libandessta.a(uart.o)
                0x00004ebc                _UART_GetByte
 .text.UART_RecHandler
                0x00004ee0       0x44 .\libandessta.a(uart.o)
                0x00004ee0                UART_RecHandler
 .text.UART_TrxHandler
                0x00004f24       0xc4 .\libandessta.a(uart.o)
                0x00004f24                UART_TrxHandler
 .text.UART_LISR
                0x00004fe8       0x54 .\libandessta.a(uart.o)
                0x00004fe8                UART_LISR
 .text.UART_EnableTX
                0x0000503c       0x38 .\libandessta.a(uart.o)
                0x0000503c                UART_EnableTX
 .text.UART_DisableTX
                0x00005074       0x3c .\libandessta.a(uart.o)
                0x00005074                UART_DisableTX
 .text.UART_EnableRX
                0x000050b0       0x38 .\libandessta.a(uart.o)
                0x000050b0                UART_EnableRX
 .text.UART_DisableRX
                0x000050e8       0x3c .\libandessta.a(uart.o)
                0x000050e8                UART_DisableRX
 .text.sysXCPT_XcptHdlr
                0x00005124       0x18 .\libandessta.a(xcpt.o)
                0x00005124                sysXCPT_XcptHdlr
 .text.sysXCPT_ResetXcptHdlr
                0x0000513c        0x4 .\libandessta.a(xcpt.o)
 .text.sysXCPT_TlbFillXcptHdlr
                0x00005140        0x4 .\libandessta.a(xcpt.o)
 .text.sysXCPT_PteNotPresentXcptHdlr
                0x00005144        0x4 .\libandessta.a(xcpt.o)
 .text.sysXCPT_TlbMiscXcptHdlr
                0x00005148        0x4 .\libandessta.a(xcpt.o)
 .text.sysXCPT_TlbVlptMissXcptHdlr
                0x0000514c        0x4 .\libandessta.a(xcpt.o)
 .text.sysXCPT_MachineErrXcptHdlr
                0x00005150        0x4 .\libandessta.a(xcpt.o)
 .text.sysXCPT_DebugRelatedXcptHdlr
                0x00005154        0x4 .\libandessta.a(xcpt.o)
 .text.sysXCPT_GeneralXcptHdlr
                0x00005158        0x4 .\libandessta.a(xcpt.o)
 .text.sysXCPT_SysCallXcptHdlr
                0x0000515c        0x4 .\libandessta.a(xcpt.o)
 .text.sysXCPT_Hw0IntrHdlr
                0x00005160        0x4 .\libandessta.a(xcpt.o)
 .text.sysXCPT_Hw1IntrHdlr
                0x00005164        0x4 .\libandessta.a(xcpt.o)
 .text.sysXCPT_Hw2IntrHdlr
                0x00005168        0x4 .\libandessta.a(xcpt.o)
 .text.sysXCPT_Hw3IntrHdlr
                0x0000516c        0x4 .\libandessta.a(xcpt.o)
 .text.sysXCPT_Hw4IntrHdlr
                0x00005170        0x4 .\libandessta.a(xcpt.o)
 .text.sysXCPT_Hw5IntrHdlr
                0x00005174        0x4 .\libandessta.a(xcpt.o)
 .text.sysXCPT_SwIntrHdlr
                0x00005178        0x4 .\libandessta.a(xcpt.o)
 .text.sysKernelStart
                0x0000517c       0x18 .\libandessta.a(initial.o)
                0x0000517c                sysKernelStart
 .text.SYSirq_Disable_Interrupts_Save_Flags
                0x00005194       0x14 .\libandessta.a(mutex.o)
                0x00005194                SYSirq_Disable_Interrupts_Save_Flags
 .text.SYSirq_Interrupts_Restore_Flags
                0x000051a8       0x18 .\libandessta.a(mutex.o)
                0x000051a8                SYSirq_Interrupts_Restore_Flags
 .text.sysTASK_LowPrioTask
                0x000051c0       0x28 .\libandessta.a(task.o)
                0x000051c0                sysTASK_LowPrioTask
 .text.sysTASK_DeassertSignal
                0x000051e8       0x44 .\libandessta.a(task.o)
                0x000051e8                sysTASK_DeassertSignal
 .text.sysTASK_AssertSignal
                0x0000522c       0x40 .\libandessta.a(task.o)
                0x0000522c                sysTASK_AssertSignal
 .text.apiInitListEntry
                0x0000526c        0x8 .\libandessta.a(list.o)
                0x0000526c                apiInitListEntry
 .text.apiInsertListEntry
                0x00005274        0xc .\libandessta.a(list.o)
                0x00005274                apiInsertListEntry
 .text.apiInsertTailEntry
                0x00005280       0x20 .\libandessta.a(list.o)
                0x00005280                apiInsertTailEntry
 .text.apiRemoveHeadEntry
                0x000052a0       0x1c .\libandessta.a(list.o)
                0x000052a0                apiRemoveHeadEntry
 .text.apiRand  0x000052bc       0x1c .\libandessta.a(random.o)
                0x000052bc                apiRand
 .text.do_printf
                0x000052d8      0x2e8 .\libandessta.a(do_printf.o)
                0x000052d8                do_printf
 .text.fputc    0x000055c0       0x2c .\libandessta.a(fputs.o)
                0x000055c0                fputc
 .text.putchar  0x000055ec       0x1c .\libandessta.a(fputs.o)
                0x000055ec                putchar
 .text.strcmp   0x00005608       0x20 .\libandessta.a(strcmp.o)
                0x00005608                strcmp
 .text.strncmp  0x00005628       0x24 .\libandessta.a(strcmp.o)
                0x00005628                strncmp
 .text.strcpy   0x0000564c       0x14 .\libandessta.a(strcpy.o)
                0x0000564c                strcpy
 .text.strncpy  0x00005660       0x1c .\libandessta.a(strcpy.o)
                0x00005660                strncpy
 .text.strlen   0x0000567c       0x10 .\libandessta.a(strlen.o)
                0x0000567c                strlen
 .text.__toupper
                0x0000568c       0x1c .\libandessta.a(vsprintf.o)
 .text.simple_strtoul
                0x000056a8       0xe4 .\libandessta.a(vsprintf.o)
                0x000056a8                simple_strtoul
 .text.simple_strtol
                0x0000578c       0x2c .\libandessta.a(vsprintf.o)
                0x0000578c                simple_strtol
 .text.drvMCUCTL_IntrHdlr
                0x000057b8       0xc4 .\libandessta.a(mcuctl.o)
                0x000057b8                drvMCUCTL_IntrHdlr
 .text.sysDelayxu
                0x0000587c       0x18 .\libandessta.a(mt7681_ChSw.o)
 .text.RF_READ  0x00005894       0xb8 .\libandessta.a(mt7681_ChSw.o)
                0x00005894                RF_READ
 .text.RF_WRITE
                0x0000594c       0x84 .\libandessta.a(mt7681_ChSw.o)
                0x0000594c                RF_WRITE
 .text.RF_WRITE8
                0x000059d0       0x20 .\libandessta.a(mt7681_ChSw.o)
                0x000059d0                RF_WRITE8
 .text.BBP_READ
                0x000059f0       0x78 .\libandessta.a(mt7681_ChSw.o)
                0x000059f0                BBP_READ
 .text.BBP_WRITE
                0x00005a68       0x54 .\libandessta.a(mt7681_ChSw.o)
                0x00005a68                BBP_WRITE
 .text.cali_period_exec
                0x00005abc       0x40 .\libandessta.a(mt7681_ChSw.o)
                0x00005abc                cali_period_exec
 .text.T.216    0x00005afc       0x58 .\libandessta.a(mt7681_ChSw.o)
 .text.drvPBF_IntHdler
                0x00005b54       0x18 .\libandessta.a(wifi_ps.o)
                0x00005b54                drvPBF_IntHdler
 .text.LowPower
                0x00005b6c       0xc8 .\libandessta.a(wifi_ps.o)
                0x00005b6c                LowPower
 .text.iot_get_queue_info
                0x00005c34        0xc .\libandessta.a(wifi_task.o)
                0x00005c34                iot_get_queue_info
 .text.iot_get_fceint_state
                0x00005c40        0xc .\libandessta.a(wifi_task.o)
                0x00005c40                iot_get_fceint_state
 .text.iot_get_ms_time
                0x00005c4c        0xc .\libandessta.a(wifi_task.o)
                0x00005c4c                iot_get_ms_time
 .text.store_phymode
                0x00005c58        0xc .\libandessta.a(wifi_task.o)
                0x00005c58                store_phymode
 .text.handle_fce_int
                0x00005c64       0x64 .\libandessta.a(wifi_task.o)
                0x00005c64                handle_fce_int
 .text.BtoH     0x00005cc8       0x34 .\libandessta.a(cmm_wep.o)
                0x00005cc8                BtoH
 .text.AtoH     0x00005cfc       0x44 .\libandessta.a(cmm_wep.o)
                0x00005cfc                AtoH
 .text.drvGPIO_IntHdler
                0x00005d40       0x5c .\libandessta.a(led.o)
                0x00005d40                drvGPIO_IntHdler
 .text.T.6      0x00005d9c       0x48 .\libandessta.a(led.o)

.rela.dyn       0x00005de4        0x0
 .rela.text.aes_cbc_decrypt
                0x00000000        0x0 obj/sta/iot_aes_pub.o
 .rela.text.aes_cbc_complete_decrypt
                0x00000000        0x0 obj/sta/iot_aes_pub.o
 .rela.text.aes_ecb_decry_test
                0x00000000        0x0 obj/sta/iot_aes_pub.o
 .rela.text.aes_cbc_encrypt
                0x00000000        0x0 obj/sta/iot_aes_pub.o
 .rela.text.aes_ecb_encry_test
                0x00000000        0x0 obj/sta/iot_aes_pub.o
 .rela.text.aes_sample
                0x00000000        0x0 obj/sta/iot_aes_pub.o
 .rela.xipsec0  0x00000000        0x0 obj/sta/iot_aes_pub.o
 .rela.text.getopt
                0x00000000        0x0 obj/sta/iot_aes_pub.o
 .rela.text.iot_cust_gpiint_hdlr
                0x00000000        0x0 obj/sta/iot_aes_pub.o
 .rela.text.reset_ap_cfg
                0x00000000        0x0 obj/sta/iot_aes_pub.o
 .rela.text.reset_sta_cfg
                0x00000000        0x0 obj/sta/iot_aes_pub.o
 .rela.text.pre_init_cfg
                0x00000000        0x0 obj/sta/iot_aes_pub.o
 .rela.text.iot_cust_timer0_timeout_actioin
                0x00000000        0x0 obj/sta/iot_aes_pub.o
 .rela.text.cust_app_init
                0x00000000        0x0 obj/sta/iot_aes_pub.o
 .rela.text.cust_subtask
                0x00000000        0x0 obj/sta/iot_aes_pub.o
 .rela.text.iot_cust_subtask1
                0x00000000        0x0 obj/sta/iot_aes_pub.o
 .rela.text.iot_app_proc_pkt
                0x00000000        0x0 obj/sta/iot_aes_pub.o
 .rela.text.uart_rxbuf_init
                0x00000000        0x0 obj/sta/iot_aes_pub.o
 .rela.text.uart_rb_init
                0x00000000        0x0 obj/sta/iot_aes_pub.o
 .rela.text.uart_rb_pop
                0x00000000        0x0 obj/sta/iot_aes_pub.o
 .rela.text.uart_rb_push
                0x00000000        0x0 obj/sta/iot_aes_pub.o
 .rela.text.uart_get_avail
                0x00000000        0x0 obj/sta/iot_aes_pub.o
 .rela.text.iot_atcmd_uart_atcfg
                0x00000000        0x0 obj/sta/iot_aes_pub.o
 .rela.text.uart_rx_dispatch
                0x00000000        0x0 obj/sta/iot_aes_pub.o
 .rela.text.uart_get_byte
                0x00000000        0x0 obj/sta/iot_aes_pub.o
 .rela.text.uart_rx_cb
                0x00000000        0x0 obj/sta/iot_aes_pub.o
 .rela.text.uart_put_bytes
                0x00000000        0x0 obj/sta/iot_aes_pub.o
 .rela.text.iot_uart_output
                0x00000000        0x0 obj/sta/iot_aes_pub.o
 .rela.text.port_inbyte
                0x00000000        0x0 obj/sta/iot_aes_pub.o
 .rela.text.port_outbyte
                0x00000000        0x0 obj/sta/iot_aes_pub.o
 .rela.text.iot_xmodem_update_fw
                0x00000000        0x0 obj/sta/iot_aes_pub.o
 .rela.text.iot_xmodem_receive
                0x00000000        0x0 obj/sta/iot_aes_pub.o
 .rela.text.iot_xmodem_transmit
                0x00000000        0x0 obj/sta/iot_aes_pub.o
 .rela.text.main
                0x00000000        0x0 obj/sta/iot_aes_pub.o
 .rela.text.vprintf
                0x00000000        0x0 obj/sta/iot_aes_pub.o
 .rela.text.vsprintf
                0x00000000        0x0 obj/sta/iot_aes_pub.o
 .rela.text.vprintf_help
                0x00000000        0x0 obj/sta/iot_aes_pub.o
 .rela.text.RTMPRawDataSanity
                0x00000000        0x0 obj/sta/iot_aes_pub.o
 .rela.text.WifiRxFsIntFilterOut
                0x00000000        0x0 obj/sta/iot_aes_pub.o
 .rela.text.STAHandleRxDataFrame
                0x00000000        0x0 obj/sta/iot_aes_pub.o
 .rela.text.STAHandleRxMgmtFrame
                0x00000000        0x0 obj/sta/iot_aes_pub.o
 .rela.text.WifiRxDoneInterruptHandle
                0x00000000        0x0 obj/sta/iot_aes_pub.o
 .rela.text.dump_spi_flash
                0x00000000        0x0 obj/sta/iot_aes_pub.o
 .rela.text.dump_spi_flash_fw
                0x00000000        0x0 obj/sta/iot_aes_pub.o
 .rela.text.spi_flash_page_write
                0x00000000        0x0 obj/sta/iot_aes_pub.o
 .rela.text.spi_flash_write_func
                0x00000000        0x0 obj/sta/iot_aes_pub.o
 .rela.text.spi_flash_read_m2
                0x00000000        0x0 obj/sta/iot_aes_pub.o
 .rela.text.spi_flash_erase_block
                0x00000000        0x0 obj/sta/iot_aes_pub.o
 .rela.text.spi_flash_erase_sector
                0x00000000        0x0 obj/sta/iot_aes_pub.o
 .rela.text.spi_flash_write
                0x00000000        0x0 obj/sta/iot_aes_pub.o
 .rela.text.spi_flash_update_fw
                0x00000000        0x0 obj/sta/iot_aes_pub.o
 .rela.text.spi_flash_erase_CE
                0x00000000        0x0 obj/sta/iot_aes_pub.o
 .rela.text.free
                0x00000000        0x0 obj/sta/iot_aes_pub.o
 .rela.text.clock_time
                0x00000000        0x0 obj/sta/iot_aes_pub.o
 .rela.xipsec1  0x00000000        0x0 obj/sta/iot_aes_pub.o
 .rela.text.cloud_set_activation_para
                0x00000000        0x0 obj/sta/iot_aes_pub.o
 .rela.text.cloud_fota_update
                0x00000000        0x0 obj/sta/iot_aes_pub.o
 .rela.text.cloud_client_fota_autoupdate
                0x00000000        0x0 obj/sta/iot_aes_pub.o
 .rela.text.cloud_http_callback
                0x00000000        0x0 obj/sta/iot_aes_pub.o
 .rela.text.dhcpc_request
                0x00000000        0x0 obj/sta/iot_aes_pub.o
 .rela.ovlysec10
                0x00000000        0x0 obj/sta/iot_aes_pub.o
 .rela.text.proces_data
                0x00000000        0x0 obj/sta/iot_aes_pub.o
 .rela.text.handle_my_tcp_srv
                0x00000000        0x0 obj/sta/iot_aes_pub.o
 .rela.text.handle_tcp_app
                0x00000000        0x0 obj/sta/iot_aes_pub.o
 .rela.text.iot_tcp_appcall
                0x00000000        0x0 obj/sta/iot_aes_pub.o
 .rela.text.iot_udp_appcall
                0x00000000        0x0 obj/sta/iot_aes_pub.o
 .rela.text.memb_init
                0x00000000        0x0 obj/sta/iot_aes_pub.o
 .rela.text.mt76xx_dev_read
                0x00000000        0x0 obj/sta/iot_aes_pub.o
 .rela.text.mt76xx_dev_send
                0x00000000        0x0 obj/sta/iot_aes_pub.o
 .rela.text.resolv_conf
                0x00000000        0x0 obj/sta/iot_aes_pub.o
 .rela.text.resolv_lookup
                0x00000000        0x0 obj/sta/iot_aes_pub.o
 .rela.text.resolv_query
                0x00000000        0x0 obj/sta/iot_aes_pub.o
 .rela.text.resolv_newdata
                0x00000000        0x0 obj/sta/iot_aes_pub.o
 .rela.text.resolv_check_entries
                0x00000000        0x0 obj/sta/iot_aes_pub.o
 .rela.text.handle_resolv
                0x00000000        0x0 obj/sta/iot_aes_pub.o
 .rela.text.resolv_usage_init
                0x00000000        0x0 obj/sta/iot_aes_pub.o
 .rela.text.resolv_found
                0x00000000        0x0 obj/sta/iot_aes_pub.o
 .rela.text.udp_client_sample
                0x00000000        0x0 obj/sta/iot_aes_pub.o
 .rela.text.udp_client_init
                0x00000000        0x0 obj/sta/iot_aes_pub.o
 .rela.text.handle_udp_srv_app1
                0x00000000        0x0 obj/sta/iot_aes_pub.o
 .rela.text.tcpip_periodic_timer
                0x00000000        0x0 obj/sta/iot_aes_pub.o
 .rela.text.netif_rx
                0x00000000        0x0 obj/sta/iot_aes_pub.o
 .rela.ovlysec9
                0x00000000        0x0 obj/sta/iot_aes_pub.o
 .rela.text.tcpip_init
                0x00000000        0x0 obj/sta/iot_aes_pub.o
 .rela.text.uip_fw_output
                0x00000000        0x0 obj/sta/iot_aes_pub.o
 .rela.text.uip_fw_forward
                0x00000000        0x0 obj/sta/iot_aes_pub.o
 .rela.text.uip_neighbor_add
                0x00000000        0x0 obj/sta/iot_aes_pub.o
 .rela.text.uip_split_output
                0x00000000        0x0 obj/sta/iot_aes_pub.o
 .rela.text.uip_add32
                0x00000000        0x0 obj/sta/iot_aes_pub.o
 .rela.text.uip_ipchksum
                0x00000000        0x0 obj/sta/iot_aes_pub.o
 .rela.text.upper_layer_chksum
                0x00000000        0x0 obj/sta/iot_aes_pub.o
 .rela.text.uip_add_rcv_nxt
                0x00000000        0x0 obj/sta/iot_aes_pub.o
 .rela.ovlysec0
                0x00000000        0x0 obj/sta/iot_aes_pub.o
 .rela.text.uip_arp_timer
                0x00000000        0x0 obj/sta/iot_aes_pub.o
 .rela.text.uip_arp_init
                0x00000000        0x0 obj/sta/iot_aes_pub.o
 .rela.text.copy_string
                0x00000000        0x0 obj/sta/iot_aes_pub.o
 .rela.text.wifi_state_machine
                0x00000000        0x0 obj/sta/iot_aes_pub.o
 .rela.text.wifi_rx_proc
                0x00000000        0x0 obj/sta/iot_aes_pub.o
 .rela.text.wifiTASK_LowPrioTask
                0x00000000        0x0 obj/sta/iot_aes_pub.o
 .rela.vector   0x00000000        0x0 obj/sta/iot_aes_pub.o
 .rela.startup  0x00000000        0x0 obj/sta/iot_aes_pub.o
 .rela.excepsysc
                0x00000000        0x0 obj/sta/iot_aes_pub.o
 .rela.ctxsw    0x00000000        0x0 obj/sta/iot_aes_pub.o
 .rela.text.overlayunload
                0x00000000        0x0 obj/sta/iot_aes_pub.o
 .rela.text.overlaycopy
                0x00000000        0x0 obj/sta/iot_aes_pub.o
 .rela.text.overlayload
                0x00000000        0x0 obj/sta/iot_aes_pub.o
 .rela.text.cnmTimerSetTimer
                0x00000000        0x0 obj/sta/iot_aes_pub.o
 .rela.text.cnmTimerDoTimeOutCheck
                0x00000000        0x0 obj/sta/iot_aes_pub.o
 .rela.text.cnmTimerDestroy
                0x00000000        0x0 obj/sta/iot_aes_pub.o
 .rela.text.iot_sw_pwm_hdlr
                0x00000000        0x0 obj/sta/iot_aes_pub.o
 .rela.text.IoT_Cmd_Set_DBG_LVL
                0x00000000        0x0 obj/sta/iot_aes_pub.o
 .rela.text.apiQU_Dequeue
                0x00000000        0x0 obj/sta/iot_aes_pub.o
 .rela.text.apiQU_Enqueue
                0x00000000        0x0 obj/sta/iot_aes_pub.o
 .rela.text.PeerDisassocSanity
                0x00000000        0x0 obj/sta/iot_aes_pub.o
 .rela.ovlysec5
                0x00000000        0x0 obj/sta/iot_aes_pub.o
 .rela.ovlysec6
                0x00000000        0x0 obj/sta/iot_aes_pub.o
 .rela.text.PeerAuthSanity
                0x00000000        0x0 obj/sta/iot_aes_pub.o
 .rela.text.PeerAuthRspAtSeq2Action
                0x00000000        0x0 obj/sta/iot_aes_pub.o
 .rela.ovlysec11
                0x00000000        0x0 obj/sta/iot_aes_pub.o
 .rela.text.MT7681_ReadEEPROM
                0x00000000        0x0 obj/sta/iot_aes_pub.o
 .rela.text.rtmp_bbp_is_ready
                0x00000000        0x0 obj/sta/iot_aes_pub.o
 .rela.text.MT7681_eep_cfg
                0x00000000        0x0 obj/sta/iot_aes_pub.o
 .rela.text.GenericWowPatternCheck
                0x00000000        0x0 obj/sta/iot_aes_pub.o
 .rela.text.STAWowPatternCheck
                0x00000000        0x0 obj/sta/iot_aes_pub.o
 .rela.text.RTMPCheckWPAframe
                0x00000000        0x0 obj/sta/iot_aes_pub.o
 .rela.ovlysec7
                0x00000000        0x0 obj/sta/iot_aes_pub.o
 .rela.text.PRF
                0x00000000        0x0 obj/sta/iot_aes_pub.o
 .rela.rodata.cst4
                0x00000000        0x0 obj/sta/iot_aes_pub.o
 .rela.text.T.64
                0x00000000        0x0 obj/sta/iot_aes_pub.o
 .rela.text.RtmpPasswordHash
                0x00000000        0x0 obj/sta/iot_aes_pub.o
 .rela.text.RT_AES_Encrypt
                0x00000000        0x0 obj/sta/iot_aes_pub.o
 .rela.text.aes_key_wrap
                0x00000000        0x0 obj/sta/iot_aes_pub.o
 .rela.text.FCETXIdleCheckForPS
                0x00000000        0x0 obj/sta/iot_aes_pub.o
 .rela.text.UARTIdleCheckForPS
                0x00000000        0x0 obj/sta/iot_aes_pub.o
 .rela.text.FCERXCheckForPS
                0x00000000        0x0 obj/sta/iot_aes_pub.o
 .rela.text.UARTTRTimeUpdate
                0x00000000        0x0 obj/sta/iot_aes_pub.o
 .rela.text.STASleepTime
                0x00000000        0x0 obj/sta/iot_aes_pub.o
 .rela.text.STACheckRxDataForPS
                0x00000000        0x0 obj/sta/iot_aes_pub.o
 .rela.text.iot_sta_pwr_sav
                0x00000000        0x0 obj/sta/iot_aes_pub.o
 .rela.text.STACheckRxBeaconForPS
                0x00000000        0x0 obj/sta/iot_aes_pub.o
 .rela.text.EnqueuePsPoll
                0x00000000        0x0 obj/sta/iot_aes_pub.o
 .rela.text.send_test_data_frame
                0x00000000        0x0 obj/sta/iot_aes_pub.o
 .rela.text.sta_legacy_frame_tx2
                0x00000000        0x0 obj/sta/iot_aes_pub.o
 .rela.text.RTMPReportMicError
                0x00000000        0x0 obj/sta/iot_aes_pub.o
 .rela.text.PeerBeaconAdvPwrSavingSanity
                0x00000000        0x0 obj/sta/iot_aes_pub.o
 .rela.text.ActHeaderInit
                0x00000000        0x0 obj/sta/iot_aes_pub.o
 .rela.text.PeerAddBAReqAction
                0x00000000        0x0 obj/sta/iot_aes_pub.o
 .rela.text.OS_WAIT
                0x00000000        0x0 obj/sta/iot_aes_pub.o
 .rela.ovlysec3
                0x00000000        0x0 obj/sta/iot_aes_pub.o
 .rela.ovlysec8
                0x00000000        0x0 obj/sta/iot_aes_pub.o
 .rela.text.DoScan
                0x00000000        0x0 obj/sta/iot_aes_pub.o
 .rela.ovlysec4
                0x00000000        0x0 obj/sta/iot_aes_pub.o
 .rela.text.SMTCNParsingData
                0x00000000        0x0 obj/sta/iot_aes_pub.o
 .rela.text.ParsingData
                0x00000000        0x0 obj/sta/iot_aes_pub.o
 .rela.text.eEpPhysicalReadRegisters
                0x00000000        0x0 obj/sta/iot_aes_pub.o
 .rela.text.set_eEpGetFreeBlockCount_Proc
                0x00000000        0x0 obj/sta/iot_aes_pub.o
 .rela.text.set_eEpdump_Proc
                0x00000000        0x0 obj/sta/iot_aes_pub.o
 .rela.text.drvFCE_IntHdlr
                0x00000000        0x0 obj/sta/iot_aes_pub.o
 .rela.text.PdmaTxTsHdlr
                0x00000000        0x0 obj/sta/iot_aes_pub.o
 .rela.text.PdmaRxFsHdlr
                0x00000000        0x0 obj/sta/iot_aes_pub.o
 .rela.text.spi_flash_read
                0x00000000        0x0 obj/sta/iot_aes_pub.o
 .rela.text.kal_free_timer
                0x00000000        0x0 obj/sta/iot_aes_pub.o
 .rela.text.kal_stop_timer
                0x00000000        0x0 obj/sta/iot_aes_pub.o
 .rela.text.kal_start_timer
                0x00000000        0x0 obj/sta/iot_aes_pub.o
 .rela.text.SwTimerHandler
                0x00000000        0x0 obj/sta/iot_aes_pub.o
 .rela.text.UART_RecHandler
                0x00000000        0x0 obj/sta/iot_aes_pub.o
 .rela.text.UART_TrxHandler
                0x00000000        0x0 obj/sta/iot_aes_pub.o
 .rela.text.UART_LISR
                0x00000000        0x0 obj/sta/iot_aes_pub.o
 .rela.text.UART_EnableTX
                0x00000000        0x0 obj/sta/iot_aes_pub.o
 .rela.text.UART_DisableTX
                0x00000000        0x0 obj/sta/iot_aes_pub.o
 .rela.text.UART_EnableRX
                0x00000000        0x0 obj/sta/iot_aes_pub.o
 .rela.text.UART_DisableRX
                0x00000000        0x0 obj/sta/iot_aes_pub.o
 .rela.text.sysKernelStart
                0x00000000        0x0 obj/sta/iot_aes_pub.o
 .rela.text.sysTASK_ChkSignal
                0x00000000        0x0 obj/sta/iot_aes_pub.o
 .rela.text.sysTASK_LowPrioTask
                0x00000000        0x0 obj/sta/iot_aes_pub.o
 .rela.text.sysTASK_DeassertSignal
                0x00000000        0x0 obj/sta/iot_aes_pub.o
 .rela.text.sysTASK_AssertSignal
                0x00000000        0x0 obj/sta/iot_aes_pub.o
 .rela.text.sysTASK_WaitForSignal
                0x00000000        0x0 obj/sta/iot_aes_pub.o
 .rela.text.sysTASK_Dispatch
                0x00000000        0x0 obj/sta/iot_aes_pub.o
 .rela.text.do_printf
                0x00000000        0x0 obj/sta/iot_aes_pub.o
 .rela.text.__toupper
                0x00000000        0x0 obj/sta/iot_aes_pub.o
 .rela.text.simple_strtoul
                0x00000000        0x0 obj/sta/iot_aes_pub.o
 .rela.text.drvMCUCTL_IntrHdlr
                0x00000000        0x0 obj/sta/iot_aes_pub.o
 .rela.text.cali_period_exec
                0x00000000        0x0 obj/sta/iot_aes_pub.o
 .rela.ovlysec12
                0x00000000        0x0 obj/sta/iot_aes_pub.o
 .rela.text.iot_get_queue_info
                0x00000000        0x0 obj/sta/iot_aes_pub.o
 .rela.text.iot_get_fceint_state
                0x00000000        0x0 obj/sta/iot_aes_pub.o
 .rela.text.store_phymode
                0x00000000        0x0 obj/sta/iot_aes_pub.o
 .rela.text.handle_FCE_RxTS_interrupt
                0x00000000        0x0 obj/sta/iot_aes_pub.o
 .rela.text.handle_fce_int
                0x00000000        0x0 obj/sta/iot_aes_pub.o
 .rela.text.ConvertToRssi
                0x00000000        0x0 obj/sta/iot_aes_pub.o
 .rela.text.RTMPConstructWEPIVHdr
                0x00000000        0x0 obj/sta/iot_aes_pub.o
 .rela.text.RTMPInitWepEngine
                0x00000000        0x0 obj/sta/iot_aes_pub.o
 .rela.text.RTMPSoftDecryptWEP
                0x00000000        0x0 obj/sta/iot_aes_pub.o
 .rela.text.RTMPSoftEncryptWEP
                0x00000000        0x0 obj/sta/iot_aes_pub.o
 .rela.text.sysCALL_XcptHdlr
                0x00000000        0x0 obj/sta/iot_aes_pub.o
 .rela.text.sysCALL_SysCall0Hdlr
                0x00000000        0x0 obj/sta/iot_aes_pub.o
                0x00005df0                . = ALIGN (0x10)
                0x00005df0                STACK_SECT_VMA = .

.STACK          0x00005df0      0xa00
                0x00005df0                PROVIDE (_STACK_START, .)
 *(.stack)
 .stack         0x00005df0      0xa00 .\libandessta.a(stack.o)
                0x00005df0                sysStack
                0x000067f0                PROVIDE (_STACK_END, .)
                0x000067f0                . = ALIGN (0x10)
                0x000067f0                DATA_SECT_VMA = .

.DATA           0x000067f0      0xec0
 *(.rodata)
 .rodata        0x000067f0       0x10 obj/sta/tcpip/iot_tcp_app.o
 *(.rodata.*)
 .rodata.str1.4
                0x00006800      0x2dc obj/sta/iot_aes_pub.o
 .rodata.str1.4
                0x00006adc       0xf5 obj/sta/iot_at_cmd.o
                                0x100 (size before relaxing)
 *fill*         0x00006bd1        0x3 00000000
 .rodata.C.24.3312
                0x00006bd4       0x10 obj/sta/iot_at_cmd.o
 .rodata.C.23.3311
                0x00006be4        0x8 obj/sta/iot_at_cmd.o
 .rodata.str1.4
                0x00006bec        0x7 obj/sta/iot_at_cmd_utility.o
                                  0x8 (size before relaxing)
 *fill*         0x00006bf3        0x1 00000000
 .rodata.str1.4
                0x00006bf4       0xa1 obj/sta/iot_custom.o
                                 0xa4 (size before relaxing)
 *fill*         0x00006c95        0x3 00000000
 .rodata.str1.4
                0x00006c98       0x23 obj/sta/iot_uart_rb.o
                                 0x24 (size before relaxing)
 *fill*         0x00006cbb        0x1 00000000
 .rodata.cst4   0x00006cbc        0x4 obj/sta/iot_uart_rb.o
 .rodata.__FUNCTION__.2999
                0x00006cc0       0x10 obj/sta/iot_uart_rb.o
 .rodata.str1.4
                0x00006cd0        0xf obj/sta/iot_uplink.o
                                 0x10 (size before relaxing)
 *fill*         0x00006cdf        0x1 00000000
 .rodata.__FUNCTION__.3060
                0x00006ce0       0x18 obj/sta/iot_uplink.o
 .rodata.str1.4
                0x00006cf8       0xc3 obj/sta/tcpip/cloudclient.o
                                 0xc4 (size before relaxing)
 *fill*         0x00006dbb        0x1 00000000
 .rodata.cst4   0x00006dbc        0x4 obj/sta/tcpip/cloudclient.o
 .rodata.str1.4
                0x00006dc0       0x14 obj/sta/tcpip/dhcpc.o
 .rodata.xid    0x00006dd4        0x4 obj/sta/tcpip/dhcpc.o
 .rodata.magic_cookie
                0x00006dd8        0x4 obj/sta/tcpip/dhcpc.o
 .rodata.str1.4
                0x00006ddc       0xfc obj/sta/tcpip/iot_tcp_app.o
                                0x108 (size before relaxing)
 .rodata.str1.4
                0x00006ed8       0x16 obj/sta/tcpip/sample_udp_server.o
                                 0x24 (size before relaxing)
 *fill*         0x00006eee        0x2 00000000
 .rodata.str1.4
                0x00006ef0       0x30 obj/sta/tcpip/tcpip_main.o
 .rodata.broadcast_ethaddr
                0x00006f20        0x8 obj/sta/tcpip/uip_arp.o
 .rodata.http_http
                0x00006f28        0x8 obj/sta/tcpip/webclient-strings.o
                0x00006f28                http_http
 .rodata.http_200
                0x00006f30        0x8 obj/sta/tcpip/webclient-strings.o
                0x00006f30                http_200
 .rodata.http_301
                0x00006f38        0x8 obj/sta/tcpip/webclient-strings.o
                0x00006f38                http_301
 .rodata.http_302
                0x00006f40        0x8 obj/sta/tcpip/webclient-strings.o
                0x00006f40                http_302
 .rodata.http_get
                0x00006f48        0x8 obj/sta/tcpip/webclient-strings.o
                0x00006f48                http_get
 .rodata.http_10
                0x00006f50        0xc obj/sta/tcpip/webclient-strings.o
                0x00006f50                http_10
 .rodata.http_11
                0x00006f5c        0xc obj/sta/tcpip/webclient-strings.o
                0x00006f5c                http_11
 .rodata.http_content_type
                0x00006f68       0x10 obj/sta/tcpip/webclient-strings.o
                0x00006f68                http_content_type
 .rodata.http_location
                0x00006f78        0xc obj/sta/tcpip/webclient-strings.o
                0x00006f78                http_location
 .rodata.http_host
                0x00006f84        0x8 obj/sta/tcpip/webclient-strings.o
                0x00006f84                http_host
 .rodata.http_crnl
                0x00006f8c        0x4 obj/sta/tcpip/webclient-strings.o
                0x00006f8c                http_crnl
 .rodata.http_user_agent_fields
                0x00006f90       0x50 obj/sta/tcpip/webclient-strings.o
                0x00006f90                http_user_agent_fields
 .rodata.str1.4
                0x00006fe0       0x1a obj/sta/tcpip/webclient.o
                                 0x1c (size before relaxing)
 *fill*         0x00006ffa        0x2 00000000
 .rodata.str1.4
                0x00006ffc        0xc obj/sta/wifi_task_pub.o
 .rodata.str1.4
                0x00007008       0x2b .\libandessta.a(xip_ovly.o)
                                 0x2c (size before relaxing)
 *fill*         0x00007033        0x1 00000000
 .rodata.C.2.5748
                0x00007034       0x10 .\libandessta.a(app_nos_main.o)
 .rodata.str1.4
                0x00007044       0x14 .\libandessta.a(assoc.o)
 .rodata.__FUNCTION__.4384
                0x00007058       0x10 .\libandessta.a(assoc.o)
 .rodata.str1.4
                0x00007068       0x57 .\libandessta.a(chip_init.o)
                                 0x5c (size before relaxing)
 .rodata.str1.4
                0x00000000       0x10 .\libandessta.a(cmm_wpa.o)
 *fill*         0x000070bf        0x1 00000000
 .rodata.__FUNCTION__.4691
                0x000070c0       0x18 .\libandessta.a(cmm_wpa.o)
 .rodata.C.21.4510
                0x000070d8        0xc .\libandessta.a(cmm_wpa.o)
 .rodata.C.20.4452
                0x000070e4       0x18 .\libandessta.a(cmm_wpa.o)
 .rodata.cst4   0x000070fc        0x4 .\libandessta.a(crypt_aes.o)
                                  0x8 (size before relaxing)
 .rodata.aes_mul_2
                0x00007100      0x100 .\libandessta.a(crypt_aes.o)
 .rodata.aes_mul_3
                0x00007200      0x100 .\libandessta.a(crypt_aes.o)
 .rodata.str1.4
                0x00007300        0xb .\libandessta.a(scan.o)
                                  0xc (size before relaxing)
 *fill*         0x0000730b        0x1 00000000
 .rodata.str1.4
                0x0000730c        0x5 .\libandessta.a(bsp.o)
                                  0x8 (size before relaxing)
 *fill*         0x00007311        0x3 00000000
 .rodata.str1.4
                0x00007314       0x37 .\libandessta.a(ee_efuse.o)
                                 0x38 (size before relaxing)
 *fill*         0x0000734b        0x1 00000000
 .rodata.MT7681_Frequency_Plan
                0x0000734c       0x48 .\libandessta.a(mt7681_ChSw.o)
 .rodata.str1.4
                0x00007394       0x48 .\libandessta.a(wifi_task.o)
                0x000073e0                . = ALIGN (0x10)
 *fill*         0x000073dc        0x4 00000000
 *(.data)
 *(.data.*)
 .data.optind   0x000073e0        0x2 obj/sta/iot_at_cmd_utility.o
                0x000073e0                optind
 .data.opterr   0x000073e2        0x1 obj/sta/iot_at_cmd_utility.o
                0x000073e2                opterr
 .data.PRINT_FLAG
                0x000073e3        0x1 obj/sta/iot_custom.o
                0x000073e3                PRINT_FLAG
 .data.Com_Cfg  0x000073e4       0x2c obj/sta/iot_custom.o
                0x000073e4                Com_Cfg
 .data.Usr_Cfg  0x00007410       0x60 obj/sta/iot_custom.o
                0x00007410                Usr_Cfg
 .data.bSpecAP  0x00007470        0x1 obj/sta/iot_custom.o
                0x00007470                bSpecAP
 *fill*         0x00007471        0x3 00000000
 .data.IoT_CmdPWD_Recv
                0x00007474        0x4 obj/sta/iot_parse.o
                0x00007474                IoT_CmdPWD_Recv
 .data.ATCmdPrefixAT
                0x00007478        0x4 obj/sta/iot_uart_rb.o
                0x00007478                ATCmdPrefixAT
 .data.ATCmdPrefixIW
                0x0000747c        0xc obj/sta/iot_uart_rb.o
                0x0000747c                ATCmdPrefixIW
 .data.SNAP_802_1H
                0x00007488        0x8 obj/sta/iot_uplink.o
                0x00007488                SNAP_802_1H
 .data.SNAP_BRIDGE_TUNNEL
                0x00007490        0x8 obj/sta/iot_uplink.o
                0x00007490                SNAP_BRIDGE_TUNNEL
 .data.EAPOL    0x00007498        0x4 obj/sta/iot_uplink.o
                0x00007498                EAPOL
 .data.IPv4     0x0000749c        0x4 obj/sta/iot_uplink.o
                0x0000749c                IPv4
 .data.HWID     0x000074a0       0x10 obj/sta/tcpip/cloudclient.o
                0x000074a0                HWID
 .data.AES_CBC_IV
                0x000074b0       0x10 obj/sta/tcpip/cloudclient.o
                0x000074b0                AES_CBC_IV
 .data.keepAlivePeriod
                0x000074c0        0x2 obj/sta/tcpip/cloudclient.o
                0x000074c0                keepAlivePeriod
 .data.gpioUpdatePeriod
                0x000074c2        0x2 obj/sta/tcpip/cloudclient.o
                0x000074c2                gpioUpdatePeriod
 .data.gpioUpdateTimeCnt
                0x000074c4        0x2 obj/sta/tcpip/cloudclient.o
                0x000074c4                gpioUpdateTimeCnt
 *fill*         0x000074c6        0x2 00000000
 .data.FOTA_updateOk
                0x000074c8        0x4 obj/sta/tcpip/cloudclient.o
                0x000074c8                FOTA_updateOk
 .data.hostname
                0x000074cc        0x8 obj/sta/tcpip/dhcpc.o
 .data.cli_fd   0x000074d4        0x4 obj/sta/tcpip/tcpip_main.o
                0x000074d4                cli_fd
 .data.clk      0x000074d8        0x4 obj/sta/tcpip/tcpip_main.o
 .data.uip_ethaddr
                0x000074dc        0x8 obj/sta/tcpip/uip.o
                0x000074dc                uip_ethaddr
 .data.gCurrentAddress
                0x000074e4        0x8 obj/sta/wifi_task_pub.o
                0x000074e4                gCurrentAddress
 .data.BCAST_ADDR
                0x000074ec        0x8 obj/sta/wifi_task_pub.o
                0x000074ec                BCAST_ADDR
 .data.OUI_WPA_NONE_AKM
                0x000074f4        0x4 .\libandessta.a(cmm_wpa.o)
                0x000074f4                OUI_WPA_NONE_AKM
 .data.OUI_WPA_VERSION
                0x000074f8        0x4 .\libandessta.a(cmm_wpa.o)
                0x000074f8                OUI_WPA_VERSION
 .data.OUI_WPA_TKIP
                0x000074fc        0x4 .\libandessta.a(cmm_wpa.o)
                0x000074fc                OUI_WPA_TKIP
 .data.OUI_WPA_CCMP
                0x00007500        0x4 .\libandessta.a(cmm_wpa.o)
                0x00007500                OUI_WPA_CCMP
 .data.OUI_WPA_8021X_AKM
                0x00007504        0x4 .\libandessta.a(cmm_wpa.o)
                0x00007504                OUI_WPA_8021X_AKM
 .data.OUI_WPA_PSK_AKM
                0x00007508        0x4 .\libandessta.a(cmm_wpa.o)
                0x00007508                OUI_WPA_PSK_AKM
 .data.OUI_WPA2
                0x0000750c        0x4 .\libandessta.a(cmm_wpa.o)
                0x0000750c                OUI_WPA2
 .data.OUI_WPA2_TKIP
                0x00007510        0x4 .\libandessta.a(cmm_wpa.o)
                0x00007510                OUI_WPA2_TKIP
 .data.OUI_WPA2_CCMP
                0x00007514        0x4 .\libandessta.a(cmm_wpa.o)
                0x00007514                OUI_WPA2_CCMP
 .data.OUI_WPA2_8021X_AKM
                0x00007518        0x4 .\libandessta.a(cmm_wpa.o)
                0x00007518                OUI_WPA2_8021X_AKM
 .data.OUI_WPA2_PSK_AKM
                0x0000751c        0x4 .\libandessta.a(cmm_wpa.o)
                0x0000751c                OUI_WPA2_PSK_AKM
 .data.g_tx_pkt_id
                0x00007520        0x1 .\libandessta.a(rtmp_data.o)
                0x00007520                g_tx_pkt_id
 *fill*         0x00007521        0x3 00000000
 .data.Full_ChannelList
                0x00007524       0x28 .\libandessta.a(scan.o)
                0x00007524                Full_ChannelList
 .data.Full_ChannelList_Size
                0x0000754c        0x1 .\libandessta.a(scan.o)
                0x0000754c                Full_ChannelList_Size
 .data.HtCapIe  0x0000754d        0x1 .\libandessta.a(scan.o)
                0x0000754d                HtCapIe
 *fill*         0x0000754e        0x2 00000000
 .data.WPA_OUI  0x00007550        0x4 .\libandessta.a(scan.o)
                0x00007550                WPA_OUI
 .data.RSN_OUI  0x00007554        0x4 .\libandessta.a(scan.o)
                0x00007554                RSN_OUI
 .data.WPS_OUI  0x00007558        0x4 .\libandessta.a(scan.o)
                0x00007558                WPS_OUI
 .data.sysXcptVctr
                0x0000755c       0x40 .\libandessta.a(xcpt.o)
 .data.Random   0x0000759c        0x4 .\libandessta.a(random.o)
 .data.SupRateIe
                0x000075a0        0x1 .\libandessta.a(mt7681_ChSw.o)
                0x000075a0                SupRateIe
 .data.ExtRateIe
                0x000075a1        0x1 .\libandessta.a(mt7681_ChSw.o)
                0x000075a1                ExtRateIe
 *fill*         0x000075a2        0x2 00000000
 .data.WME_PARM_ELEM
                0x000075a4        0x8 .\libandessta.a(mt7681_ChSw.o)
                0x000075a4                WME_PARM_ELEM
 .data.SSID_TMP
                0x000075ac        0x4 .\libandessta.a(wifi_task.o)
                0x000075ac                SSID_TMP
 .data._ctype   0x000075b0      0x100 .\libandessta.a(ctype.o)
                0x000075b0                _ctype
                0x000076b0                . = ALIGN (0x4)

FW_VERSION_TAG  0x000076b0        0xc
 *(FW_VERSION_TAG)
 FW_VERSION_TAG
                0x000076b0        0xc .\libandessta.a(bsp.o)
                0x000076b0                gVersionTag
                0x000076bc                __tag_end = .

.ovlysec0       0x000076bc      0xff0 load address 0x0053f000
 .ovlysec0      0x000076bc      0xff0 obj/sta/tcpip/uip.o
                0x000076bc                _uip_process
                0x0053f000                PROVIDE (__load_start_ovlysec0, LOADADDR (.ovlysec0))
                0x0053fff0                PROVIDE (__load_stop_ovlysec0, (LOADADDR (.ovlysec0) + SIZEOF (.ovlysec0)))

.ovlysec1       0x000076bc        0x0 load address 0x0053fff0
                0x0053fff0                PROVIDE (__load_start_ovlysec1, LOADADDR (.ovlysec1))
                0x0053fff0                PROVIDE (__load_stop_ovlysec1, (LOADADDR (.ovlysec1) + SIZEOF (.ovlysec1)))

.ovlysec2       0x000076bc      0x81c load address 0x0053fff0
 .ovlysec2      0x000076bc      0x81c .\libandessta.a(chip_init.o)
                0x000076bc                MACRegTable
                0x00007e24                MT7681_RF_VGA_RegTb
                0x000077ec                MT7681_MACRegTable
                0x00007d70                MT7681_RF_Channel_RegTb
                0x00007cec                MT7681_RF_Central_RegTb
                0x0000783c                MT7681_BBP_InitRegTb
                0x0000781c                BBPRegTable
                0x0053fff0                PROVIDE (__load_start_ovlysec2, LOADADDR (.ovlysec2))
                0x0054080c                PROVIDE (__load_stop_ovlysec2, (LOADADDR (.ovlysec2) + SIZEOF (.ovlysec2)))

.ovlysec3       0x000076bc      0x480 load address 0x0054080c
 .ovlysec3      0x000076bc      0x480 .\libandessta.a(scan.o)
                0x000076bc                PeerBeaconAndProbeRspSanity
                0x0054080c                PROVIDE (__load_start_ovlysec3, LOADADDR (.ovlysec3))
                0x00540c8c                PROVIDE (__load_stop_ovlysec3, (LOADADDR (.ovlysec3) + SIZEOF (.ovlysec3)))

.ovlysec4       0x000076bc      0x460 load address 0x00540c8c
 .ovlysec4      0x000076bc      0x460 .\libandessta.a(smtcn.o)
                0x000076bc                SMTCNRX_done
                0x000078cc                _SMTCNParsingMulticast
                0x00007744                _SMTCNGetInfo
                0x00540c8c                PROVIDE (__load_start_ovlysec4, LOADADDR (.ovlysec4))
                0x005410ec                PROVIDE (__load_stop_ovlysec4, (LOADADDR (.ovlysec4) + SIZEOF (.ovlysec4)))

.ovlysec5       0x000076bc      0x5f0 load address 0x005410ec
 .ovlysec5      0x000076bc      0x5f0 .\libandessta.a(assoc.o)
                0x000079f4                _MlmeAssocReqAction
                0x000078f4                _PeerAssocRspAction
                0x000076bc                PeerAssocRspSanity
                0x00007898                _PeerDisassocAction
                0x005410ec                PROVIDE (__load_start_ovlysec5, LOADADDR (.ovlysec5))
                0x005416dc                PROVIDE (__load_stop_ovlysec5, (LOADADDR (.ovlysec5) + SIZEOF (.ovlysec5)))

.ovlysec6       0x000076bc      0x1c0 load address 0x005416dc
 .ovlysec6      0x000076bc      0x1c0 .\libandessta.a(auth.o)
                0x00007778                _AUTH_ReqSend
                0x000076bc                _MlmeAuthProcess
                0x005416dc                PROVIDE (__load_start_ovlysec6, LOADADDR (.ovlysec6))
                0x0054189c                PROVIDE (__load_stop_ovlysec6, (LOADADDR (.ovlysec6) + SIZEOF (.ovlysec6)))

.ovlysec7       0x000076bc      0xe18 load address 0x0054189c
 .ovlysec7      0x000076bc      0xe18 .\libandessta.a(cmm_wpa.o)
                0x00007820                _CalculateMIC
                0x00007ab0                _ConstructEapolMsg
                0x000079c4                _WpaDeriveGTK
                0x00007d08                _WpaDerivePTK
                0x00008250                _PeerPairMsg3Action
                0x00007e98                _PeerWpaMessageSanity
                0x00008134                _PeerGroupMsg1Action
                0x000076bc                _RTMPParseEapolKeyData
                0x00008380                _PeerPairMsg1Action
                0x000078f4                _ConstructEapolKeyData
                0x0054189c                PROVIDE (__load_start_ovlysec7, LOADADDR (.ovlysec7))
                0x005426b4                PROVIDE (__load_stop_ovlysec7, (LOADADDR (.ovlysec7) + SIZEOF (.ovlysec7)))

.ovlysec8       0x000086ac      0x470 load address 0x005426b4
 .ovlysec8      0x000086ac      0x470 .\libandessta.a(scan.o)
                0x000086ac                _PeerBeaconAtScanAction
                0x005426b4                PROVIDE (__load_start_ovlysec8, LOADADDR (.ovlysec8))
                0x00542b24                PROVIDE (__load_stop_ovlysec8, (LOADADDR (.ovlysec8) + SIZEOF (.ovlysec8)))

.ovlysec9       0x000086ac      0x170 load address 0x00542b24
 .ovlysec9      0x000086ac      0x170 obj/sta/tcpip/tcpip_main.o
                0x000086ac                _tcpip_init
                0x00542b24                PROVIDE (__load_start_ovlysec9, LOADADDR (.ovlysec9))
                0x00542c94                PROVIDE (__load_stop_ovlysec9, (LOADADDR (.ovlysec9) + SIZEOF (.ovlysec9)))

.ovlysec10      0x000086ac      0x214 load address 0x00542c94
 .ovlysec10     0x000086ac      0x214 obj/sta/tcpip/dhcpc.o
                0x000086ac                _handle_dhcp
                0x00542c94                PROVIDE (__load_start_ovlysec10, LOADADDR (.ovlysec10))
                0x00542ea8                PROVIDE (__load_stop_ovlysec10, (LOADADDR (.ovlysec10) + SIZEOF (.ovlysec10)))

.ovlysec11      0x000086ac      0x19c load address 0x00542ea8
 .ovlysec11     0x000086ac      0x19c .\libandessta.a(chip_init.o)
                0x0000871c                wait_bbp_rf_wakeup
                0x00008758                NICInitMT7681BbpRegisters
                0x000087bc                NICInitMT7681RFRegisters
                0x000086ac                NICInitMT7681MacRegisters
                0x00542ea8                PROVIDE (__load_start_ovlysec11, LOADADDR (.ovlysec11))
                0x00543044                PROVIDE (__load_stop_ovlysec11, (LOADADDR (.ovlysec11) + SIZEOF (.ovlysec11)))

.ovlysec12      0x000086ac      0x590 load address 0x00543044
 .ovlysec12     0x000086ac      0x590 .\libandessta.a(wifi_ps.o)
                0x000086ac                PMU_Ctrl
                0x00543044                PROVIDE (__load_start_ovlysec12, LOADADDR (.ovlysec12))
                0x005435d4                PROVIDE (__load_stop_ovlysec12, (LOADADDR (.ovlysec12) + SIZEOF (.ovlysec12)))
                0x00008c3c                . = ALIGN (0x4)

.nds32.ovly.tbl
                0x00008c3c       0xf0
                0x00008c3c                _ovly_table = .
                0x00008c3c        0x4 LONG 0x76bc ABSOLUTE (ADDR (.ovlysec0))
                0x00008c40        0x4 LONG 0xff0 SIZEOF (.ovlysec0)
                0x00008c44        0x4 LONG 0x53f000 ABSOLUTE (LOADADDR (.ovlysec0))
                0x00008c48        0x4 LONG 0x0
                0x00008c4c        0x4 LONG 0x76bc ABSOLUTE (ADDR (.ovlysec1))
                0x00008c50        0x4 LONG 0x0 SIZEOF (.ovlysec1)
                0x00008c54        0x4 LONG 0x53fff0 ABSOLUTE (LOADADDR (.ovlysec1))
                0x00008c58        0x4 LONG 0x0
                0x00008c5c        0x4 LONG 0x76bc ABSOLUTE (ADDR (.ovlysec2))
                0x00008c60        0x4 LONG 0x81c SIZEOF (.ovlysec2)
                0x00008c64        0x4 LONG 0x53fff0 ABSOLUTE (LOADADDR (.ovlysec2))
                0x00008c68        0x4 LONG 0x0
                0x00008c6c        0x4 LONG 0x76bc ABSOLUTE (ADDR (.ovlysec3))
                0x00008c70        0x4 LONG 0x480 SIZEOF (.ovlysec3)
                0x00008c74        0x4 LONG 0x54080c ABSOLUTE (LOADADDR (.ovlysec3))
                0x00008c78        0x4 LONG 0x0
                0x00008c7c        0x4 LONG 0x76bc ABSOLUTE (ADDR (.ovlysec4))
                0x00008c80        0x4 LONG 0x460 SIZEOF (.ovlysec4)
                0x00008c84        0x4 LONG 0x540c8c ABSOLUTE (LOADADDR (.ovlysec4))
                0x00008c88        0x4 LONG 0x0
                0x00008c8c        0x4 LONG 0x76bc ABSOLUTE (ADDR (.ovlysec5))
                0x00008c90        0x4 LONG 0x5f0 SIZEOF (.ovlysec5)
                0x00008c94        0x4 LONG 0x5410ec ABSOLUTE (LOADADDR (.ovlysec5))
                0x00008c98        0x4 LONG 0x0
                0x00008c9c        0x4 LONG 0x76bc ABSOLUTE (ADDR (.ovlysec6))
                0x00008ca0        0x4 LONG 0x1c0 SIZEOF (.ovlysec6)
                0x00008ca4        0x4 LONG 0x5416dc ABSOLUTE (LOADADDR (.ovlysec6))
                0x00008ca8        0x4 LONG 0x0
                0x00008cac        0x4 LONG 0x76bc ABSOLUTE (ADDR (.ovlysec7))
                0x00008cb0        0x4 LONG 0xe18 SIZEOF (.ovlysec7)
                0x00008cb4        0x4 LONG 0x54189c ABSOLUTE (LOADADDR (.ovlysec7))
                0x00008cb8        0x4 LONG 0x0
                0x00008cbc        0x4 LONG 0x86ac ABSOLUTE (ADDR (.ovlysec8))
                0x00008cc0        0x4 LONG 0x470 SIZEOF (.ovlysec8)
                0x00008cc4        0x4 LONG 0x5426b4 ABSOLUTE (LOADADDR (.ovlysec8))
                0x00008cc8        0x4 LONG 0x1
                0x00008ccc        0x4 LONG 0x86ac ABSOLUTE (ADDR (.ovlysec9))
                0x00008cd0        0x4 LONG 0x170 SIZEOF (.ovlysec9)
                0x00008cd4        0x4 LONG 0x542b24 ABSOLUTE (LOADADDR (.ovlysec9))
                0x00008cd8        0x4 LONG 0x1
                0x00008cdc        0x4 LONG 0x86ac ABSOLUTE (ADDR (.ovlysec10))
                0x00008ce0        0x4 LONG 0x214 SIZEOF (.ovlysec10)
                0x00008ce4        0x4 LONG 0x542c94 ABSOLUTE (LOADADDR (.ovlysec10))
                0x00008ce8        0x4 LONG 0x1
                0x00008cec        0x4 LONG 0x86ac ABSOLUTE (ADDR (.ovlysec11))
                0x00008cf0        0x4 LONG 0x19c SIZEOF (.ovlysec11)
                0x00008cf4        0x4 LONG 0x542ea8 ABSOLUTE (LOADADDR (.ovlysec11))
                0x00008cf8        0x4 LONG 0x1
                0x00008cfc        0x4 LONG 0x86ac ABSOLUTE (ADDR (.ovlysec12))
                0x00008d00        0x4 LONG 0x590 SIZEOF (.ovlysec12)
                0x00008d04        0x4 LONG 0x543044 ABSOLUTE (LOADADDR (.ovlysec12))
                0x00008d08        0x4 LONG 0x1
                0x00008d0c                _novlys = .
                0x00008d0c        0x4 LONG 0xd ((_novlys - _ovly_table) / 0x10)
                0x00008d10                . = ALIGN (0x8)
                0x00008d10                _ovly_ram_table = .
                0x00008d10        0x4 LONG 0x0
                0x00008d14        0x4 LONG 0xffffffff
                0x00008d18        0x4 LONG 0x0
                0x00008d1c        0x4 LONG 0x1
                0x00008d20        0x4 LONG 0xffffffff
                0x00008d24        0x4 LONG 0x0
                0x00008d28                _novlyr = .
                0x00008d28        0x4 LONG 0x2 ((_novlyr - _ovly_ram_table) / 0xc)
                0x00008d30                . = ALIGN (0x10)
                0x00008d30                BSS_SECT_VMA = .

.BSS            0x00008d30     0x4910
                0x00008d30                PROVIDE (_BSS_START, .)
 *(.sbss)
 *(.sbss.*)
 *(.scommon)
 *(.scommon.*)
 *(.sbss_w)
 .sbss_w        0x00008d30        0x4 obj/sta/main_pub.o
                0x00008d30                __OS_Heap_Start
 .sbss_w        0x00008d34       0x14 obj/sta/tcpip/uip.o
                0x00008d44                uip_sappdata
                0x00008d34                uip_udp_conn
                0x00008d38                uip_appdata
                0x00008d40                uip_conn
                0x00008d3c                uip_urgdata
 .sbss_w        0x00008d48        0x8 obj/sta/wifi_task_pub.o
                0x00008d48                pIoTMlme
                0x00008d4c                pIoTStaCfg
 *(.sbss_w.*)
 *(.sbss_h)
 .sbss_h        0x00008d50        0xa obj/sta/tcpip/uip.o
                0x00008d50                uip_len
                0x00008d58                ipid
                0x00008d54                uip_surglen
                0x00008d52                uip_urglen
                0x00008d56                uip_slen
 .sbss_h        0x00008d5a        0x4 obj/sta/tcpip/webclient.o
                0x00008d5c                http_cloudClientPort
                0x00008d5a                http_clientPort
 *(.sbss_h.*)
 *(.sbss_b)
 .sbss_b        0x00008d5e        0x1 obj/sta/tcpip/uip.o
                0x00008d5e                uip_flags
 *(.sbss_b.*)
                0x00008d60                . = ALIGN (0x10)
 *fill*         0x00008d5f        0x1 00000000
 *(.bss)
 *(.bss.*)
 .bss.optarg    0x00008d60        0x4 obj/sta/iot_at_cmd_utility.o
                0x00008d60                optarg
 .bss.pIndexPosition.1164
                0x00008d64        0x4 obj/sta/iot_at_cmd_utility.o
 .bss.UART_TX_POLL_ENABLE
                0x00008d68        0x1 obj/sta/iot_custom.o
                0x00008d68                UART_TX_POLL_ENABLE
 .bss.gCaliFrEfuse
                0x00008d69        0x1 obj/sta/iot_custom.o
                0x00008d69                gCaliFrEfuse
 *fill*         0x00008d6a        0x2 00000000
 .bss.subCurTimer.2897
                0x00008d6c        0x4 obj/sta/iot_custom.o
 .bss.subPreTimer.2896
                0x00008d70        0x4 obj/sta/iot_custom.o
 .bss.preSeq    0x00008d74        0x2 obj/sta/iot_parse.o
                0x00008d74                preSeq
 .bss.appLen    0x00008d76        0x2 obj/sta/iot_parse.o
                0x00008d76                appLen
 .bss.mt7681_HardwareStatus
                0x00008d78        0x8 obj/sta/iot_parse.o
                0x00008d78                mt7681_HardwareStatus
 .bss.IWMatchNum.3101
                0x00008d80        0x1 obj/sta/iot_uart_rb.o
 .bss.ATMatchNum.3100
                0x00008d81        0x1 obj/sta/iot_uart_rb.o
 *fill*         0x00008d82        0x2 00000000
 .bss.gCPULowClok
                0x00008d84        0x4 obj/sta/misc_pub.o
                0x00008d84                gCPULowClok
 .bss.productID
                0x00008d88       0x10 obj/sta/tcpip/cloudclient.o
                0x00008d88                productID
 .bss.productKey
                0x00008d98       0x10 obj/sta/tcpip/cloudclient.o
                0x00008d98                productKey
 .bss.FOTA_AES_CBC_IV
                0x00008da8       0x10 obj/sta/tcpip/cloudclient.o
                0x00008da8                FOTA_AES_CBC_IV
 .bss.mt76xx_cloudClientState
                0x00008db8        0x2 obj/sta/tcpip/cloudclient.o
                0x00008db8                mt76xx_cloudClientState
 .bss.TCP_cloudClientPort
                0x00008dba        0x2 obj/sta/tcpip/cloudclient.o
                0x00008dba                TCP_cloudClientPort
 .bss.keepAliveTimeCnt
                0x00008dbc        0x2 obj/sta/tcpip/cloudclient.o
                0x00008dbc                keepAliveTimeCnt
 .bss.keepAliveResTimeOut
                0x00008dbe        0x2 obj/sta/tcpip/cloudclient.o
                0x00008dbe                keepAliveResTimeOut
 .bss.keepAliveRepeatCnt
                0x00008dc0        0x2 obj/sta/tcpip/cloudclient.o
                0x00008dc0                keepAliveRepeatCnt
 .bss.TcpConnectTimeCnt
                0x00008dc2        0x2 obj/sta/tcpip/cloudclient.o
                0x00008dc2                TcpConnectTimeCnt
 .bss.FOTAUpdateTimeCnt
                0x00008dc4        0x2 obj/sta/tcpip/cloudclient.o
                0x00008dc4                FOTAUpdateTimeCnt
 *fill*         0x00008dc6        0x2 00000000
 .bss.encryptBuf
                0x00008dc8       0x80 obj/sta/tcpip/cloudclient.o
                0x00008dc8                encryptBuf
 .bss.addr.3339
                0x00008e48        0x4 obj/sta/tcpip/cloudclient.o
 .bss.lease_time_flag
                0x00008e4c        0x4 obj/sta/tcpip/dhcpc.o
 .bss.s         0x00008e50       0x3c obj/sta/tcpip/dhcpc.o
 .bss.app_init.3126
                0x00008e8c        0x1 obj/sta/tcpip/iot_tcp_app.o
 *fill*         0x00008e8d        0x3 00000000
 .bss.user_timer.3125
                0x00008e90        0x8 obj/sta/tcpip/iot_tcp_app.o
 .bss.i.3088    0x00008e98        0x1 obj/sta/tcpip/resolv.o
 .bss.lseqi.3059
                0x00008e99        0x1 obj/sta/tcpip/resolv.o
 .bss.lseq.3058
                0x00008e9a        0x1 obj/sta/tcpip/resolv.o
 .bss.i.3057    0x00008e9b        0x1 obj/sta/tcpip/resolv.o
 .bss.names     0x00008e9c       0x2c obj/sta/tcpip/resolv.o
 .bss.seqno     0x00008ec8        0x1 obj/sta/tcpip/resolv.o
 *fill*         0x00008ec9        0x3 00000000
 .bss.iss       0x00008ecc        0x4 obj/sta/tcpip/uip.o
 .bss.lastport  0x00008ed0        0x2 obj/sta/tcpip/uip.o
 .bss.c         0x00008ed2        0x1 obj/sta/tcpip/uip.o
 .bss.opt       0x00008ed3        0x1 obj/sta/tcpip/uip.o
 .bss.tmp16     0x00008ed4        0x2 obj/sta/tcpip/uip.o
 *fill*         0x00008ed6        0x2 00000000
 .bss.arp_table
                0x00008ed8       0x60 obj/sta/tcpip/uip_arp.o
 .bss.ipaddr    0x00008f38        0x4 obj/sta/tcpip/uip_arp.o
 .bss.i         0x00008f3c        0x1 obj/sta/tcpip/uip_arp.o
 .bss.c         0x00008f3d        0x1 obj/sta/tcpip/uip_arp.o
 .bss.arptime   0x00008f3e        0x1 obj/sta/tcpip/uip_arp.o
 .bss.tmpage    0x00008f3f        0x1 obj/sta/tcpip/uip_arp.o
 .bss.i.3164    0x00008f40        0x1 obj/sta/tcpip/webclient.o
 .bss.c.3144    0x00008f41        0x1 obj/sta/tcpip/webclient.o
 *fill*         0x00008f42        0x2 00000000
 .bss.addr.3021
                0x00008f44        0x4 obj/sta/tcpip/webclient.o
 .bss.s         0x00008f48      0x1bc obj/sta/tcpip/webclient.o
 .bss.gSmnted   0x00009104        0x1 obj/sta/wifi_task_pub.o
                0x00009104                gSmnted
 *fill*         0x00009105        0x3 00000000
 .bss.PreTime.2947
                0x00009108        0x4 obj/sta/wifi_task_pub.o
 .bss.BufMem1   0x0000910c     0x18d8 .\libandessta.a(queue.o)
 .bss.BufMem2   0x0000a9e4      0x848 .\libandessta.a(queue.o)
 .bss.BufDesc1  0x0000b22c       0x90 .\libandessta.a(queue.o)
 .bss.BufDesc2  0x0000b2bc       0x30 .\libandessta.a(queue.o)
 .bss.gSequence
                0x0000b2ec        0x2 .\libandessta.a(rtmp_data.o)
                0x0000b2ec                gSequence
 .bss.MgtFrameSeq
                0x0000b2ee        0x1 .\libandessta.a(rtmp_general.o)
                0x0000b2ee                MgtFrameSeq
 *fill*         0x0000b2ef        0x1 00000000
 .bss.pfsm      0x0000b2f0      0x128 .\libandessta.a(smtcn.o)
 .bss.FceIntHdlr
                0x0000b418       0x80 .\libandessta.a(fce.o)
 .bss.jiffies   0x0000b498        0x4 .\libandessta.a(timer.o)
                0x0000b498                jiffies
 .bss.Timers_List
                0x0000b49c        0x4 .\libandessta.a(timer.o)
                0x0000b49c                Timers_List
 .bss.Timer_Start
                0x0000b4a0        0x4 .\libandessta.a(timer.o)
                0x0000b4a0                Timer_Start
 .bss.last_start_time
                0x0000b4a4        0x4 .\libandessta.a(timer.o)
                0x0000b4a4                last_start_time
 .bss.McuCtlIntHdlr
                0x0000b4a8       0x80 .\libandessta.a(mcuctl.o)
 .bss.SsidIe    0x0000b528        0x1 .\libandessta.a(mt7681_ChSw.o)
                0x0000b528                SsidIe
 *fill*         0x0000b529        0x3 00000000
 .bss.PreTime.5885
                0x0000b52c        0x4 .\libandessta.a(mt7681_ChSw.o)
 .bss.PreBW.5749
                0x0000b530        0x1 .\libandessta.a(mt7681_ChSw.o)
 .bss.RF_ABB_R6_R7_IN_BW20
                0x0000b531        0x1 .\libandessta.a(mt7681_ChSw.o)
 .bss.RF_ABB_R58_R59_IN_BW20
                0x0000b532        0x1 .\libandessta.a(mt7681_ChSw.o)
 .bss.RF_ABB_R6_R7_IN_BW40
                0x0000b533        0x1 .\libandessta.a(mt7681_ChSw.o)
 .bss.RF_ABB_R58_R59_IN_BW40
                0x0000b534        0x1 .\libandessta.a(mt7681_ChSw.o)
 *fill*         0x0000b535        0x3 00000000
 .bss.PARAM_Info
                0x0000b538        0x4 .\libandessta.a(mt7681_ChSw.o)
 .bss.TxPWR     0x0000b53c        0x4 .\libandessta.a(mt7681_ChSw.o)
 .bss.LNAGain   0x0000b540        0x4 .\libandessta.a(mt7681_ChSw.o)
 .bss.wakeup_from_grant
                0x0000b544        0x1 .\libandessta.a(wifi_ps.o)
                0x0000b544                wakeup_from_grant
 .bss.gPmuINT   0x0000b545        0x1 .\libandessta.a(wifi_ps.o)
                0x0000b545                gPmuINT
 .bss.gPmuAbort
                0x0000b546        0x1 .\libandessta.a(wifi_ps.o)
                0x0000b546                gPmuAbort
 *(COMMON)
 *fill*         0x0000b547        0x1 00000000
 COMMON         0x0000b548      0x1c8 obj/sta/iot_custom.o
                0x0000b548                IoTCustOp
                0x0000b568                IoTCustTimer
                0x0000b584                IoTpAd
 COMMON         0x0000b710      0x448 obj/sta/iot_uart_rb.o
                0x0000b710                uart_rb_info
                0x0000b71c                UARTPort
                0x0000b834                UARTTxBuf
                0x0000b874                uart_rb_addr
                0x0000b958                UARTRxBuf
 COMMON         0x0000bb58       0xf8 obj/sta/tcpip/cloudclient.o
                0x0000bb58                MT7681_FOTAInfo
                0x0000bbc0                mt76xx_Connection
                0x0000bbdc                FOTA_DigestMessage
                0x0000bbf0                FOTA_md5_ctx
 COMMON         0x0000bc50       0x88 obj/sta/tcpip/iot_tcp_app.o
                0x0000bc50                mt76xx_Activation
 COMMON         0x0000bcd8       0x18 obj/sta/tcpip/tcpip_main.o
                0x0000bcd8                arp_timer
                0x0000bce0                periodic_timer
                0x0000bce8                cli_timer
 COMMON         0x0000bcf0     0x1238 obj/sta/tcpip/uip.o
                0x0000bcf0                uip_acc32
                0x0000bcf4                uip_conns
                0x0000cc0c                uip_listenports
                0x0000cc18                uip_draddr
                0x0000cc1c                uip_netmask
                0x0000cc20                uip_hostaddr
                0x0000cc24                uip_buf
                0x0000ce80                uip_udp_conns
 COMMON         0x0000cf28        0x6 obj/sta/tcpip/uip_arp.o
                0x0000cf28                uip_sourceAddr
 *fill*         0x0000cf2e        0x2 00000000
 COMMON         0x0000cf30       0x14 .\libandessta.a(cnm_timer.o)
                0x0000cf30                rRootTimer
 COMMON         0x0000cf44       0x5a .\libandessta.a(iot_io_cmd.o)
                0x0000cf44                mt7681_PWMInfo
 *fill*         0x0000cf9e        0x2 00000000
 COMMON         0x0000cfa0       0x20 .\libandessta.a(queue.o)
                0x0000cfa0                gFreeQueue1
                0x0000cfb0                gFreeQueue2
 COMMON         0x0000cfc0      0x5e4 .\libandessta.a(app_nos_main.o)
                0x0000cfc0                pAd
 COMMON         0x0000d5a4       0x41 .\libandessta.a(chip_init.o)
                0x0000d5a4                eepcfg
 *fill*         0x0000d5e5        0x3 00000000
 COMMON         0x0000d5e8       0x24 .\libandessta.a(timer.o)
                0x0000d5e8                System_Timer_Pool
                0x0000d5fc                Free_Timer_List
 COMMON         0x0000d60c       0x34 .\libandessta.a(task.o)
                0x0000d60c                sysTaskingCtl
                0x0000d640                . = ALIGN (0x4)
                0x0000d640                PROVIDE (_BSS_END, .)
                0x0000d640                __ilm_end = .
                0x0000d640                . = ALIGN (0x20)
                0x0000d640                _end = .
                0x0000d640                PROVIDE (_MEMORY_TOP, .)

.stab
 *(.stab)

.stabstr
 *(.stabstr)

.stab.excl
 *(.stab.excl)

.stab.exclstr
 *(.stab.exclstr)

.stab.index
 *(.stab.index)

.stab.indexstr
 *(.stab.indexstr)

.comment        0x00000000      0x8fc
 *(.comment)
 .comment       0x00000000       0x19 obj/sta/ap_pub.o
 .comment       0x00000019       0x19 obj/sta/crypt_crc.o
 .comment       0x00000032       0x19 obj/sta/iot_aes_pub.o
 .comment       0x0000004b       0x19 obj/sta/iot_at_cmd.o
 .comment       0x00000064       0x19 obj/sta/iot_at_cmd_tcpip.o
 .comment       0x0000007d       0x19 obj/sta/iot_at_cmd_utility.o
 .comment       0x00000096       0x19 obj/sta/iot_custom.o
 .comment       0x000000af       0x19 obj/sta/iot_custom_uart2wifi.o
 .comment       0x000000c8       0x19 obj/sta/iot_parse.o
 .comment       0x000000e1       0x19 obj/sta/iot_parse_conn_mgmt.o
 .comment       0x000000fa       0x19 obj/sta/iot_uart_rb.o
 .comment       0x00000113       0x19 obj/sta/iot_uplink.o
 .comment       0x0000012c       0x19 obj/sta/iot_xmodem.o
 .comment       0x00000145       0x19 obj/sta/main_pub.o
 .comment       0x0000015e       0x19 obj/sta/misc_pub.o
 .comment       0x00000177       0x19 obj/sta/mt7681_ChSw_pub.o
 .comment       0x00000190       0x19 obj/sta/printf.o
 .comment       0x000001a9       0x19 obj/sta/rtmp_data_pub.o
 .comment       0x000001c2       0x19 obj/sta/spi-flash_pub.o
 .comment       0x000001db       0x19 obj/sta/stdlib.o
 .comment       0x000001f4       0x19 obj/sta/tcpip/clock-arch.o
 .comment       0x0000020d       0x19 obj/sta/tcpip/cloudclient.o
 .comment       0x00000226       0x19 obj/sta/tcpip/dhcpc.o
 .comment       0x0000023f       0x19 obj/sta/tcpip/dhcpd.o
 .comment       0x00000258       0x19 obj/sta/tcpip/iot_tcp_app.o
 .comment       0x00000271       0x19 obj/sta/tcpip/iot_tcpip_interface.o
 .comment       0x0000028a       0x19 obj/sta/tcpip/iot_udp_app.o
 .comment       0x000002a3       0x19 obj/sta/tcpip/memb.o
 .comment       0x000002bc       0x19 obj/sta/tcpip/mt76xx_dev.o
 .comment       0x000002d5       0x19 obj/sta/tcpip/resolv.o
 .comment       0x000002ee       0x19 obj/sta/tcpip/sample_resolv_usage.o
 .comment       0x00000307       0x19 obj/sta/tcpip/sample_udp_client.o
 .comment       0x00000320       0x19 obj/sta/tcpip/sample_udp_server.o
 .comment       0x00000339       0x19 obj/sta/tcpip/tcpip_main.o
 .comment       0x00000352       0x19 obj/sta/tcpip/uip-fw.o
 .comment       0x0000036b       0x19 obj/sta/tcpip/uip-neighbor.o
 .comment       0x00000384       0x19 obj/sta/tcpip/uip-split.o
 .comment       0x0000039d       0x19 obj/sta/tcpip/uip.o
 .comment       0x000003b6       0x19 obj/sta/tcpip/uip_arp.o
 .comment       0x000003cf       0x19 obj/sta/tcpip/uip_timer.o
 .comment       0x000003e8       0x19 obj/sta/tcpip/uiplib.o
 .comment       0x00000401       0x19 obj/sta/tcpip/webclient-strings.o
 .comment       0x0000041a       0x19 obj/sta/tcpip/webclient.o
 .comment       0x00000433       0x19 obj/sta/wifi_task_pub.o
 .comment       0x0000044c       0x19 .\libandessta.a(xip_ovly.o)
 .comment       0x00000465       0x19 .\libandessta.a(cnm_timer.o)
 .comment       0x0000047e       0x19 .\libandessta.a(iot_io_cmd.o)
 .comment       0x00000497       0x19 .\libandessta.a(iot_mgmt_cmd.o)
 .comment       0x000004b0       0x19 .\libandessta.a(queue.o)
 .comment       0x000004c9       0x19 .\libandessta.a(app_nos_main.o)
 .comment       0x000004e2       0x19 .\libandessta.a(assoc.o)
 .comment       0x000004fb       0x19 .\libandessta.a(auth.o)
 .comment       0x00000514       0x19 .\libandessta.a(chip_init.o)
 .comment       0x0000052d       0x19 .\libandessta.a(cmm_wpa.o)
 .comment       0x00000546       0x19 .\libandessta.a(crypt_aes.o)
 .comment       0x0000055f       0x19 .\libandessta.a(crypt_hmac.o)
 .comment       0x00000578       0x19 .\libandessta.a(rtmp_data.o)
 .comment       0x00000591       0x19 .\libandessta.a(rtmp_general.o)
 .comment       0x000005aa       0x19 .\libandessta.a(scan.o)
 .comment       0x000005c3       0x19 .\libandessta.a(smtcn.o)
 .comment       0x000005dc       0x19 .\libandessta.a(wow.o)
 .comment       0x000005f5       0x19 .\libandessta.a(bsp.o)
 .comment       0x0000060e       0x19 .\libandessta.a(ee_efuse.o)
 .comment       0x00000627       0x19 .\libandessta.a(fce.o)
 .comment       0x00000640       0x19 .\libandessta.a(pdma.o)
 .comment       0x00000659       0x19 .\libandessta.a(spi-flash.o)
 .comment       0x00000672       0x19 .\libandessta.a(timer.o)
 .comment       0x0000068b       0x19 .\libandessta.a(uart.o)
 .comment       0x000006a4       0x19 .\libandessta.a(uartlite.o)
 .comment       0x000006bd       0x19 .\libandessta.a(main.o)
 .comment       0x000006d6       0x19 .\libandessta.a(xcpt.o)
 .comment       0x000006ef       0x19 .\libandessta.a(initial.o)
 .comment       0x00000708       0x19 .\libandessta.a(mutex.o)
 .comment       0x00000721       0x19 .\libandessta.a(stack.o)
 .comment       0x0000073a       0x19 .\libandessta.a(task.o)
 .comment       0x00000753       0x19 .\libandessta.a(list.o)
 .comment       0x0000076c       0x19 .\libandessta.a(random.o)
 .comment       0x00000785       0x19 .\libandessta.a(do_printf.o)
 .comment       0x0000079e       0x19 .\libandessta.a(fputs.o)
 .comment       0x000007b7       0x19 .\libandessta.a(strcmp.o)
 .comment       0x000007d0       0x19 .\libandessta.a(strcpy.o)
 .comment       0x000007e9       0x19 .\libandessta.a(strlen.o)